Circuit: * Z:\mnt\data\Repos\MagneticLevitation\hw\spice\bootstrap.asc

Direct Newton iteration failed to find .op point.  (Use ".option noopiter" to skip.)
Starting Gmin stepping
Gmin = 10
Gmin = 1.07374
Gmin = 0.115292
Gmin = 0.0123794
Gmin = 0.00132923
Gmin = 0.000142725
Gmin = 1.5325e-005
Gmin = 1.6455e-006
Gmin = 1.76685e-007
Gmin = 1.89714e-008
Gmin = 2.03704e-009
Gmin = 2.18725e-010
Gmin = 2.34854e-011
Gmin = 2.52173e-012
Gmin = 2.70769e-013
Gmin = 0
Gmin stepping succeeded in finding the operating point.

Heightened Def Con from 1.02808e-011 to 5.9486e-009
Heightened Def Con from 8.49623e-009 to 1.54962e-008
Heightened Def Con from 9.0228e-008 to 9.02438e-008
Heightened Def Con from 9.02506e-008 to 1.00251e-007
Heightened Def Con from 9.90009e-005 to 9.90014e-005
Heightened Def Con from 9.901e-005 to 9.90102e-005
Heightened Def Con from 9.90108e-005 to 9.90148e-005
Heightened Def Con from 9.90982e-005 to 9.90982e-005
Heightened Def Con from 9.90983e-005 to 9.90992e-005
Heightened Def Con from 9.90995e-005 to 9.90996e-005
Heightened Def Con from 9.91983e-005 to 9.91983e-005
Heightened Def Con from 9.99962e-005 to 0.0001
Heightened Def Con from 0.0001 to 0.000100001
Heightened Def Con from 0.000100084 to 0.000100084
Heightened Def Con from 0.000100085 to 0.000100086
Heightened Def Con from 0.000100088 to 0.000100091
Heightened Def Con from 0.000100092 to 0.000100097
Heightened Def Con from 0.0001001 to 0.00010011
Heightened Def Con from 0.000100182 to 0.000100183
Heightened Def Con from 0.000100183 to 0.000100191
Heightened Def Con from 0.000199001 to 0.000199001
Heightened Def Con from 0.00019901 to 0.00019901
Heightened Def Con from 0.00019901 to 0.00019901
Heightened Def Con from 0.00019901 to 0.00019901
Heightened Def Con from 0.00019901 to 0.000199015
Heightened Def Con from 0.000199098 to 0.000199098
Heightened Def Con from 0.000199099 to 0.000199101
Heightened Def Con from 0.000199198 to 0.000199198
Heightened Def Con from 0.0002 to 0.0002
Heightened Def Con from 0.0002 to 0.000200002
Heightened Def Con from 0.000200088 to 0.000200088
Heightened Def Con from 0.000200088 to 0.000200089
Heightened Def Con from 0.000200089 to 0.00020009
Heightened Def Con from 0.00020009 to 0.000200102
Heightened Def Con from 0.000200104 to 0.000200111
Heightened Def Con from 0.000200186 to 0.000200196
Heightened Def Con from 0.000299001 to 0.000299001
Heightened Def Con from 0.000299002 to 0.000299005
Heightened Def Con from 0.00029901 to 0.000299011
Heightened Def Con from 0.000299011 to 0.000299011
Heightened Def Con from 0.000299098 to 0.000299098
Heightened Def Con from 0.000299098 to 0.000299099
Heightened Def Con from 0.000299198 to 0.000299203
Heightened Def Con from 0.000299991 to 0.000299991
Heightened Def Con from 0.000299991 to 0.000299991
Heightened Def Con from 0.000299992 to 0.000299995
Heightened Def Con from 0.0003 to 0.0003
Heightened Def Con from 0.000300001 to 0.000300006
Heightened Def Con from 0.000300087 to 0.000300088
Heightened Def Con from 0.000300089 to 0.000300101
Heightened Def Con from 0.000300104 to 0.000300111
Heightened Def Con from 0.000300185 to 0.000300185
Heightened Def Con from 0.000300186 to 0.000300186
Heightened Def Con from 0.000300186 to 0.000300196
Heightened Def Con from 0.000399001 to 0.000399004
Heightened Def Con from 0.00039901 to 0.000399011
Heightened Def Con from 0.000399098 to 0.000399099
Heightened Def Con from 0.000399198 to 0.000399198
Heightened Def Con from 0.000399998 to 0.0004
Heightened Def Con from 0.000400001 to 0.000400006
Heightened Def Con from 0.000400086 to 0.000400086
Heightened Def Con from 0.000400087 to 0.000400088
Heightened Def Con from 0.000400089 to 0.0004001
Heightened Def Con from 0.000400102 to 0.00040011
Heightened Def Con from 0.000400184 to 0.000400184
Heightened Def Con from 0.000400184 to 0.000400184
Heightened Def Con from 0.000400184 to 0.000400184
Heightened Def Con from 0.000400184 to 0.000400184
Heightened Def Con from 0.000400184 to 0.000400194
Heightened Def Con from 0.000499001 to 0.000499004
Heightened Def Con from 0.00049901 to 0.000499011
Heightened Def Con from 0.000499098 to 0.000499099
Heightened Def Con from 0.000499107 to 0.000499111
Heightened Def Con from 0.000499198 to 0.000499198
Heightened Def Con from 0.000499991 to 0.000499991
Heightened Def Con from 0.0005 to 0.0005
Heightened Def Con from 0.000500001 to 0.000500006
Heightened Def Con from 0.000500087 to 0.000500087
Heightened Def Con from 0.000500087 to 0.000500088
Heightened Def Con from 0.000500088 to 0.000500088
Heightened Def Con from 0.000500088 to 0.000500089
Heightened Def Con from 0.00050009 to 0.000500097
Heightened Def Con from 0.000500097 to 0.000500101
Heightened Def Con from 0.000500186 to 0.000500196
Heightened Def Con from 0.000599001 to 0.000599001
Heightened Def Con from 0.00059901 to 0.00059901
Heightened Def Con from 0.00059901 to 0.000599016
Heightened Def Con from 0.000599098 to 0.000599099
Heightened Def Con from 0.000599198 to 0.000599198
Heightened Def Con from 0.000599999 to 0.0006
Heightened Def Con from 0.0006 to 0.000600006
Heightened Def Con from 0.000600087 to 0.000600088
Heightened Def Con from 0.000600089 to 0.000600101
Heightened Def Con from 0.000600185 to 0.000600185
Heightened Def Con from 0.000600185 to 0.000600185
Heightened Def Con from 0.000600185 to 0.000600185
Heightened Def Con from 0.000600185 to 0.000600185
Heightened Def Con from 0.000600185 to 0.000600185
Heightened Def Con from 0.000600185 to 0.000600185
Heightened Def Con from 0.000600185 to 0.000600196
Heightened Def Con from 0.000699001 to 0.000699001
Heightened Def Con from 0.00069901 to 0.000699011
Heightened Def Con from 0.000699098 to 0.000699098
Heightened Def Con from 0.000699198 to 0.000699198
Heightened Def Con from 0.000700001 to 0.000700001
Heightened Def Con from 0.000700001 to 0.000700001
Heightened Def Con from 0.000700084 to 0.000700084
Heightened Def Con from 0.000700085 to 0.000700086
Heightened Def Con from 0.000700086 to 0.000700097
Heightened Def Con from 0.0007001 to 0.000700106
Heightened Def Con from 0.000700107 to 0.000700111
Heightened Def Con from 0.000700182 to 0.000700182
Heightened Def Con from 0.000700182 to 0.000700182
Heightened Def Con from 0.000700182 to 0.000700182
Heightened Def Con from 0.000700182 to 0.000700182
Heightened Def Con from 0.000700182 to 0.000700192
Heightened Def Con from 0.000799001 to 0.000799004
Heightened Def Con from 0.00079901 to 0.000799011
Heightened Def Con from 0.000799011 to 0.000799016
Heightened Def Con from 0.000799098 to 0.000799099
Heightened Def Con from 0.000799198 to 0.000799198
Heightened Def Con from 0.000799991 to 0.000799991
Heightened Def Con from 0.0008 to 0.0008
Heightened Def Con from 0.0008 to 0.000800005
Heightened Def Con from 0.000800087 to 0.000800087
Heightened Def Con from 0.000800087 to 0.000800088
Heightened Def Con from 0.000800089 to 0.000800101
Heightened Def Con from 0.000800103 to 0.00080011
Heightened Def Con from 0.000800185 to 0.000800185
Heightened Def Con from 0.000800185 to 0.000800186
Heightened Def Con from 0.000899001 to 0.000899001
Heightened Def Con from 0.00089901 to 0.00089901
Heightened Def Con from 0.000899011 to 0.000899014
Heightened Def Con from 0.000899098 to 0.000899099
Heightened Def Con from 0.000899198 to 0.000899198
Heightened Def Con from 0.000899991 to 0.000899991
Heightened Def Con from 0.0009 to 0.0009
Heightened Def Con from 0.000900001 to 0.000900006
Heightened Def Con from 0.000900087 to 0.000900088
Heightened Def Con from 0.000900089 to 0.000900101
Heightened Def Con from 0.000900104 to 0.000900111
Heightened Def Con from 0.000900186 to 0.000900186
Heightened Def Con from 0.000900186 to 0.000900196
Heightened Def Con from 0.000999001 to 0.000999001
Heightened Def Con from 0.000999009 to 0.000999009
Heightened Def Con from 0.00099901 to 0.00099901
Heightened Def Con from 0.00099901 to 0.000999016
Heightened Def Con from 0.000999098 to 0.000999099
Heightened Def Con from 0.0009991 to 0.0009991
Heightened Def Con from 0.000999198 to 0.000999198
Heightened Def Con from 0.000999991 to 0.000999991
Heightened Def Con from 0.000999991 to 0.000999994
Heightened Def Con from 0.001 to 0.001
Heightened Def Con from 0.001 to 0.001
Heightened Def Con from 0.00100009 to 0.00100009
Heightened Def Con from 0.00100009 to 0.00100009
Heightened Def Con from 0.00100009 to 0.00100009
Heightened Def Con from 0.00100009 to 0.0010001
Heightened Def Con from 0.0010001 to 0.00100011
Heightened Def Con from 0.00100019 to 0.00100019
Heightened Def Con from 0.00100019 to 0.0010002
Heightened Def Con from 0.001099 to 0.001099
Heightened Def Con from 0.00109901 to 0.00109901
Heightened Def Con from 0.00109901 to 0.00109902
Heightened Def Con from 0.0010991 to 0.0010991
Heightened Def Con from 0.0010992 to 0.0010992
Heightened Def Con from 0.00109999 to 0.00109999
Heightened Def Con from 0.0011 to 0.0011
Heightened Def Con from 0.0011 to 0.0011
Heightened Def Con from 0.00110009 to 0.00110009
Heightened Def Con from 0.00110009 to 0.0011001
Heightened Def Con from 0.0011001 to 0.0011001
Heightened Def Con from 0.0011001 to 0.00110011
Heightened Def Con from 0.00110019 to 0.00110019
Heightened Def Con from 0.00110019 to 0.00110019
Heightened Def Con from 0.00110019 to 0.00110019
Heightened Def Con from 0.00110019 to 0.0011002
Heightened Def Con from 0.001199 to 0.001199
Heightened Def Con from 0.00119901 to 0.00119901
Heightened Def Con from 0.00119901 to 0.00119901
Heightened Def Con from 0.0011991 to 0.0011991
Heightened Def Con from 0.0011992 to 0.0011992
Heightened Def Con from 0.00119999 to 0.00119999
Heightened Def Con from 0.0012 to 0.0012
Heightened Def Con from 0.0012 to 0.0012
Heightened Def Con from 0.00120009 to 0.00120009
Heightened Def Con from 0.00120009 to 0.00120009
Heightened Def Con from 0.00120009 to 0.00120009
Heightened Def Con from 0.00120019 to 0.00120019
Heightened Def Con from 0.00120019 to 0.0012002
Heightened Def Con from 0.001299 to 0.001299
Heightened Def Con from 0.001299 to 0.001299
Heightened Def Con from 0.00129901 to 0.00129901
Heightened Def Con from 0.0012991 to 0.0012991
Heightened Def Con from 0.0012992 to 0.0012992
Heightened Def Con from 0.00129999 to 0.0013
Heightened Def Con from 0.0013 to 0.0013
Heightened Def Con from 0.0013 to 0.00130001
Heightened Def Con from 0.00130009 to 0.00130009
Heightened Def Con from 0.00130009 to 0.00130009
Heightened Def Con from 0.00130009 to 0.00130009
Heightened Def Con from 0.0013001 to 0.0013001
Heightened Def Con from 0.00130019 to 0.00130019
Heightened Def Con from 0.00130019 to 0.00130019
Heightened Def Con from 0.00130019 to 0.00130019
Heightened Def Con from 0.00130019 to 0.00130019
Heightened Def Con from 0.00130019 to 0.0013002
Heightened Def Con from 0.001399 to 0.001399
Heightened Def Con from 0.00139901 to 0.00139901
Heightened Def Con from 0.00139901 to 0.00139901
Heightened Def Con from 0.0013991 to 0.0013991
Heightened Def Con from 0.0013991 to 0.0013991
Heightened Def Con from 0.0013992 to 0.0013992
Heightened Def Con from 0.0014 to 0.0014
Heightened Def Con from 0.00140009 to 0.00140009
Heightened Def Con from 0.00140009 to 0.00140009
Heightened Def Con from 0.00140009 to 0.0014001
Heightened Def Con from 0.0014001 to 0.00140011
Heightened Def Con from 0.00140019 to 0.00140019
Heightened Def Con from 0.00140019 to 0.00140019
Heightened Def Con from 0.00140019 to 0.00140019
Heightened Def Con from 0.00140019 to 0.00140019
Heightened Def Con from 0.00140019 to 0.00140019
Heightened Def Con from 0.00140019 to 0.00140019
Heightened Def Con from 0.00140019 to 0.00140019
Heightened Def Con from 0.00140019 to 0.00140019
Heightened Def Con from 0.00140019 to 0.0014002
Heightened Def Con from 0.001499 to 0.001499
Heightened Def Con from 0.00149901 to 0.00149901
Heightened Def Con from 0.00149901 to 0.00149901
Heightened Def Con from 0.00149901 to 0.00149902
Heightened Def Con from 0.0014991 to 0.0014991
Heightened Def Con from 0.0014991 to 0.0014991
Heightened Def Con from 0.0014991 to 0.0014991
Heightened Def Con from 0.0014992 to 0.0014992
Heightened Def Con from 0.00149999 to 0.00149999
Heightened Def Con from 0.0015 to 0.0015
Heightened Def Con from 0.0015 to 0.00150001
Heightened Def Con from 0.00150009 to 0.00150009
Heightened Def Con from 0.00150009 to 0.0015001
Heightened Def Con from 0.0015001 to 0.00150011
Heightened Def Con from 0.00150018 to 0.00150019
Heightened Def Con from 0.00150019 to 0.00150019
Heightened Def Con from 0.00150019 to 0.00150019
Heightened Def Con from 0.00150019 to 0.00150019
Heightened Def Con from 0.00150019 to 0.00150019
Heightened Def Con from 0.001599 to 0.001599
Heightened Def Con from 0.00159901 to 0.00159901
Heightened Def Con from 0.0015991 to 0.0015991
Heightened Def Con from 0.0015991 to 0.0015991
Heightened Def Con from 0.0015992 to 0.0015992
Heightened Def Con from 0.00159999 to 0.00159999
Heightened Def Con from 0.0016 to 0.0016
Heightened Def Con from 0.0016 to 0.0016
Heightened Def Con from 0.00160009 to 0.00160009
Heightened Def Con from 0.00160009 to 0.0016001
Heightened Def Con from 0.0016001 to 0.00160011
Heightened Def Con from 0.00160019 to 0.00160019
Heightened Def Con from 0.00160019 to 0.00160019
Heightened Def Con from 0.00160019 to 0.00160019
Heightened Def Con from 0.00160019 to 0.00160019
Heightened Def Con from 0.00160019 to 0.00160019
Heightened Def Con from 0.00160019 to 0.00160019
Heightened Def Con from 0.00160019 to 0.0016002
Heightened Def Con from 0.001699 to 0.001699
Heightened Def Con from 0.00169901 to 0.00169901
Heightened Def Con from 0.00169901 to 0.00169901
Heightened Def Con from 0.0016991 to 0.0016991
Heightened Def Con from 0.0016992 to 0.0016992
Heightened Def Con from 0.0017 to 0.0017
Heightened Def Con from 0.0017 to 0.00170001
Heightened Def Con from 0.00170009 to 0.00170009
Heightened Def Con from 0.00170009 to 0.00170009
Heightened Def Con from 0.00170009 to 0.0017001
Heightened Def Con from 0.00170011 to 0.00170011
Heightened Def Con from 0.00170019 to 0.00170019
Heightened Def Con from 0.00170019 to 0.0017002
Heightened Def Con from 0.001799 to 0.001799
Heightened Def Con from 0.00179901 to 0.00179901
Heightened Def Con from 0.00179901 to 0.00179901
Heightened Def Con from 0.0017991 to 0.0017991
Heightened Def Con from 0.0017992 to 0.0017992
Heightened Def Con from 0.0017992 to 0.0017992
Heightened Def Con from 0.0018 to 0.0018
Heightened Def Con from 0.0018 to 0.00180001
Heightened Def Con from 0.00180009 to 0.00180009
Heightened Def Con from 0.00180009 to 0.00180009
Heightened Def Con from 0.00180009 to 0.0018001
Heightened Def Con from 0.0018001 to 0.00180011
Heightened Def Con from 0.00180018 to 0.00180019
Heightened Def Con from 0.00180019 to 0.00180019
Heightened Def Con from 0.00180019 to 0.00180019
Heightened Def Con from 0.00180019 to 0.00180019
Heightened Def Con from 0.00180019 to 0.00180019
Heightened Def Con from 0.00180019 to 0.00180019
Heightened Def Con from 0.00180019 to 0.00180019
Heightened Def Con from 0.00180019 to 0.0018002
Heightened Def Con from 0.001899 to 0.001899
Heightened Def Con from 0.00189901 to 0.00189901
Heightened Def Con from 0.0018991 to 0.0018991
Heightened Def Con from 0.0018991 to 0.0018991
Heightened Def Con from 0.0018991 to 0.0018991
Heightened Def Con from 0.0018992 to 0.0018992
Heightened Def Con from 0.00189999 to 0.00189999
Heightened Def Con from 0.0019 to 0.0019
Heightened Def Con from 0.0019 to 0.00190001
Heightened Def Con from 0.00190009 to 0.00190009
Heightened Def Con from 0.00190009 to 0.00190009
Heightened Def Con from 0.00190009 to 0.0019001
Heightened Def Con from 0.0019001 to 0.0019001
Heightened Def Con from 0.0019001 to 0.00190011
Heightened Def Con from 0.00190019 to 0.00190019
Heightened Def Con from 0.00190019 to 0.00190019
Heightened Def Con from 0.00190019 to 0.0019002
Heightened Def Con from 0.001999 to 0.001999
Heightened Def Con from 0.00199901 to 0.00199901
Heightened Def Con from 0.0019991 to 0.0019991
Heightened Def Con from 0.0019992 to 0.0019992
Heightened Def Con from 0.00199999 to 0.00199999
Heightened Def Con from 0.002 to 0.002
Heightened Def Con from 0.002 to 0.002
Heightened Def Con from 0.00200009 to 0.00200009
Heightened Def Con from 0.00200009 to 0.0020001
Heightened Def Con from 0.00200011 to 0.00200011
Heightened Def Con from 0.00200019 to 0.00200019
Heightened Def Con from 0.002099 to 0.002099
Heightened Def Con from 0.00209901 to 0.00209901
Heightened Def Con from 0.0020991 to 0.0020991
Heightened Def Con from 0.0020992 to 0.0020992
Heightened Def Con from 0.00209999 to 0.0021
Heightened Def Con from 0.0021 to 0.0021
Heightened Def Con from 0.0021 to 0.0021
Heightened Def Con from 0.00210009 to 0.00210009
Heightened Def Con from 0.00210009 to 0.00210009
Heightened Def Con from 0.00210009 to 0.00210009
Heightened Def Con from 0.00210009 to 0.0021001
Heightened Def Con from 0.0021001 to 0.0021001
Heightened Def Con from 0.00210019 to 0.00210019
Heightened Def Con from 0.00210019 to 0.00210019
Heightened Def Con from 0.00210019 to 0.00210019
Heightened Def Con from 0.00210019 to 0.00210019
Heightened Def Con from 0.00210019 to 0.00210019
Heightened Def Con from 0.00210019 to 0.00210019
Heightened Def Con from 0.00210019 to 0.00210019
Heightened Def Con from 0.00210019 to 0.00210019
Heightened Def Con from 0.00210019 to 0.00210019
Heightened Def Con from 0.00210019 to 0.00210019
Heightened Def Con from 0.00210019 to 0.00210019
Heightened Def Con from 0.00210019 to 0.00210019
Heightened Def Con from 0.00210019 to 0.00210019
Heightened Def Con from 0.00210019 to 0.00210019
Heightened Def Con from 0.00210019 to 0.00210019
Heightened Def Con from 0.00210019 to 0.00210019
Heightened Def Con from 0.00210019 to 0.00210019
Heightened Def Con from 0.00210019 to 0.00210019
Heightened Def Con from 0.00210019 to 0.00210019
Heightened Def Con from 0.00210019 to 0.00210019
Heightened Def Con from 0.00210019 to 0.00210019
Heightened Def Con from 0.00210019 to 0.00210019
Heightened Def Con from 0.00210019 to 0.00210019
Heightened Def Con from 0.00210019 to 0.0021002
Heightened Def Con from 0.002199 to 0.002199
Heightened Def Con from 0.00219901 to 0.00219901
Heightened Def Con from 0.00219901 to 0.00219901
Heightened Def Con from 0.0021991 to 0.0021991
Heightened Def Con from 0.0021991 to 0.0021991
Heightened Def Con from 0.0021992 to 0.0021992
Heightened Def Con from 0.0022 to 0.0022
Heightened Def Con from 0.00220009 to 0.00220009
Heightened Def Con from 0.00220009 to 0.0022001
Heightened Def Con from 0.0022001 to 0.0022001
Heightened Def Con from 0.0022001 to 0.00220011
Heightened Def Con from 0.00220019 to 0.00220019
Heightened Def Con from 0.00220019 to 0.00220019
Heightened Def Con from 0.00220019 to 0.0022002
Heightened Def Con from 0.002299 to 0.002299
Heightened Def Con from 0.00229901 to 0.00229901
Heightened Def Con from 0.00229901 to 0.00229901
Heightened Def Con from 0.0022991 to 0.0022991
Heightened Def Con from 0.0022992 to 0.0022992
Heightened Def Con from 0.0023 to 0.0023
Heightened Def Con from 0.0023 to 0.0023
Heightened Def Con from 0.00230009 to 0.00230009
Heightened Def Con from 0.00230009 to 0.00230009
Heightened Def Con from 0.00230009 to 0.0023001
Heightened Def Con from 0.0023001 to 0.00230011
Heightened Def Con from 0.00230019 to 0.00230019
Heightened Def Con from 0.00230019 to 0.00230019
Heightened Def Con from 0.002399 to 0.002399
Heightened Def Con from 0.00239901 to 0.00239901
Heightened Def Con from 0.00239901 to 0.00239901
Heightened Def Con from 0.0023991 to 0.0023991
Heightened Def Con from 0.0023992 to 0.0023992
Heightened Def Con from 0.00239999 to 0.0024
Heightened Def Con from 0.0024 to 0.0024
Heightened Def Con from 0.0024 to 0.00240001
Heightened Def Con from 0.00240009 to 0.00240009
Heightened Def Con from 0.00240009 to 0.00240009
Heightened Def Con from 0.00240009 to 0.00240009
Heightened Def Con from 0.00240009 to 0.0024001
Heightened Def Con from 0.00240011 to 0.00240011
Heightened Def Con from 0.00240019 to 0.00240019
Heightened Def Con from 0.00240019 to 0.00240019
Heightened Def Con from 0.00240019 to 0.00240019
Heightened Def Con from 0.00240019 to 0.00240019
Heightened Def Con from 0.00240019 to 0.00240019
Heightened Def Con from 0.00240019 to 0.00240019
Heightened Def Con from 0.00240019 to 0.0024002
Heightened Def Con from 0.002499 to 0.002499
Heightened Def Con from 0.00249901 to 0.00249901
Heightened Def Con from 0.00249901 to 0.00249902
Heightened Def Con from 0.0024991 to 0.0024991
Heightened Def Con from 0.0024991 to 0.0024991
Heightened Def Con from 0.0025 to 0.0025
Heightened Def Con from 0.0025 to 0.00250001
Heightened Def Con from 0.00250009 to 0.00250009
Heightened Def Con from 0.00250009 to 0.00250009
Heightened Def Con from 0.00250009 to 0.0025001
Heightened Def Con from 0.0025001 to 0.00250011
Heightened Def Con from 0.00250019 to 0.00250019
Heightened Def Con from 0.00250019 to 0.00250019
Heightened Def Con from 0.00250019 to 0.00250019
Heightened Def Con from 0.00250019 to 0.0025002
Heightened Def Con from 0.002599 to 0.002599
Heightened Def Con from 0.00259901 to 0.00259901
Heightened Def Con from 0.00259901 to 0.00259901
Heightened Def Con from 0.00259901 to 0.00259901
Heightened Def Con from 0.00259901 to 0.00259901
Heightened Def Con from 0.00259901 to 0.00259901
Heightened Def Con from 0.0025991 to 0.0025991
Heightened Def Con from 0.0025992 to 0.0025992
Heightened Def Con from 0.0026 to 0.0026
Heightened Def Con from 0.0026 to 0.00260001
Heightened Def Con from 0.00260009 to 0.00260009
Heightened Def Con from 0.00260009 to 0.0026001
Heightened Def Con from 0.00260011 to 0.00260011
Heightened Def Con from 0.00260019 to 0.00260019
Heightened Def Con from 0.00260019 to 0.00260019
Heightened Def Con from 0.00260019 to 0.00260019
Heightened Def Con from 0.00260019 to 0.00260019
Heightened Def Con from 0.00260019 to 0.00260019
Heightened Def Con from 0.00260019 to 0.0026002
Heightened Def Con from 0.002699 to 0.002699
Heightened Def Con from 0.002699 to 0.002699
Heightened Def Con from 0.00269901 to 0.00269901
Heightened Def Con from 0.0026991 to 0.0026991
Heightened Def Con from 0.0026991 to 0.0026991
Heightened Def Con from 0.0026992 to 0.0026992
Heightened Def Con from 0.0027 to 0.0027
Heightened Def Con from 0.0027 to 0.0027
Heightened Def Con from 0.00270009 to 0.00270009
Heightened Def Con from 0.00270009 to 0.0027001
Heightened Def Con from 0.0027001 to 0.0027001
Heightened Def Con from 0.0027001 to 0.00270011
Heightened Def Con from 0.00270019 to 0.00270019
Heightened Def Con from 0.00270019 to 0.00270019
Heightened Def Con from 0.00270019 to 0.00270019
Heightened Def Con from 0.00270019 to 0.00270019
Heightened Def Con from 0.00270019 to 0.0027002
Heightened Def Con from 0.002799 to 0.002799
Heightened Def Con from 0.00279901 to 0.00279901
Heightened Def Con from 0.00279901 to 0.00279901
Heightened Def Con from 0.0027991 to 0.0027991
Heightened Def Con from 0.0027992 to 0.0027992
Heightened Def Con from 0.00279999 to 0.00279999
Heightened Def Con from 0.0028 to 0.0028
Heightened Def Con from 0.0028 to 0.0028
Heightened Def Con from 0.00280009 to 0.00280009
Heightened Def Con from 0.00280009 to 0.00280009
Heightened Def Con from 0.00280009 to 0.00280009
Heightened Def Con from 0.00280009 to 0.00280009
Heightened Def Con from 0.00280009 to 0.0028001
Heightened Def Con from 0.00280019 to 0.00280019
Heightened Def Con from 0.00280019 to 0.00280019
Heightened Def Con from 0.00280019 to 0.00280019
Heightened Def Con from 0.00280019 to 0.00280019
Heightened Def Con from 0.00280019 to 0.00280019
Heightened Def Con from 0.00280019 to 0.00280019
Heightened Def Con from 0.00280019 to 0.00280019
Heightened Def Con from 0.00280019 to 0.00280019
Heightened Def Con from 0.00280019 to 0.00280019
Heightened Def Con from 0.00280019 to 0.00280019
Heightened Def Con from 0.00280019 to 0.00280019
Heightened Def Con from 0.00280019 to 0.00280019
Heightened Def Con from 0.00280019 to 0.00280019
Heightened Def Con from 0.00280019 to 0.00280019
Heightened Def Con from 0.00280019 to 0.00280019
Heightened Def Con from 0.00280019 to 0.00280019
Heightened Def Con from 0.00280019 to 0.00280019
Heightened Def Con from 0.00280019 to 0.00280019
Heightened Def Con from 0.00280019 to 0.0028002
Heightened Def Con from 0.002899 to 0.002899
Heightened Def Con from 0.00289901 to 0.00289901
Heightened Def Con from 0.00289901 to 0.00289901
Heightened Def Con from 0.0028991 to 0.0028991
Heightened Def Con from 0.0028992 to 0.0028992
Heightened Def Con from 0.00289999 to 0.0029
Heightened Def Con from 0.0029 to 0.0029
Heightened Def Con from 0.0029 to 0.0029
Heightened Def Con from 0.00290009 to 0.00290009
Heightened Def Con from 0.00290009 to 0.0029001
Heightened Def Con from 0.0029001 to 0.0029001
Heightened Def Con from 0.00290011 to 0.00290011
Heightened Def Con from 0.00290019 to 0.00290019
Heightened Def Con from 0.00290019 to 0.00290019
Heightened Def Con from 0.00290019 to 0.00290019
Heightened Def Con from 0.00290019 +to 0.00290019
Heightened Def Con from 0.00290019 to 0.0029002
Heightened Def Con from 0.002999 to 0.002999
Heightened Def Con from 0.00299901 to 0.00299901
Heightened Def Con from 0.0029991 to 0.0029991
Heightened Def Con from 0.0029991 to 0.0029991
Heightened Def Con from 0.0029992 to 0.0029992
Heightened Def Con from 0.00299999 to 0.00299999
Heightened Def Con from 0.003 to 0.003
Heightened Def Con from 0.003 to 0.00300001
Heightened Def Con from 0.00300009 to 0.00300009
Heightened Def Con from 0.00300009 to 0.00300009
Heightened Def Con from 0.00300009 to 0.0030001
Heightened Def Con from 0.00300011 to 0.00300011
Heightened Def Con from 0.00300019 to 0.00300019
Heightened Def Con from 0.00300019 to 0.00300019
Heightened Def Con from 0.00300019 to 0.00300019
Heightened Def Con from 0.00300019 to 0.00300019
Heightened Def Con from 0.00300019 to 0.00300019
Heightened Def Con from 0.00300019 to 0.00300019
Heightened Def Con from 0.00300019 to 0.00300019
Heightened Def Con from 0.00300019 to 0.00300019
Heightened Def Con from 0.00300019 to 0.00300019
Heightened Def Con from 0.00300019 to 0.00300019
Heightened Def Con from 0.00300019 to 0.0030002
Heightened Def Con from 0.003099 to 0.003099
Heightened Def Con from 0.0030991 to 0.0030991
Heightened Def Con from 0.0030991 to 0.0030991
Heightened Def Con from 0.0030991 to 0.0030991
Heightened Def Con from 0.0030992 to 0.0030992
Heightened Def Con from 0.00309999 to 0.00309999
Heightened Def Con from 0.0031 to 0.0031
Heightened Def Con from 0.00310009 to 0.00310009
Heightened Def Con from 0.00310009 to 0.00310009
Heightened Def Con from 0.00310009 to 0.0031001
Heightened Def Con from 0.0031001 to 0.00310011
Heightened Def Con from 0.00310019 to 0.00310019
Heightened Def Con from 0.00310019 to 0.00310019
Heightened Def Con from 0.00310019 to 0.0031002
Heightened Def Con from 0.003199 to 0.003199
Heightened Def Con from 0.00319901 to 0.00319901
Heightened Def Con from 0.00319901 to 0.00319901
Heightened Def Con from 0.00319901 to 0.00319902
Heightened Def Con from 0.0031991 to 0.0031991
Heightened Def Con from 0.0031991 to 0.0031991
Heightened Def Con from 0.0031992 to 0.0031992
Heightened Def Con from 0.0032 to 0.0032
Heightened Def Con from 0.0032 to 0.0032
Heightened Def Con from 0.00320009 to 0.00320009
Heightened Def Con from 0.00320009 to 0.00320009
Heightened Def Con from 0.00320009 to 0.0032001
Heightened Def Con from 0.0032001 to 0.00320011
Heightened Def Con from 0.00320019 to 0.00320019
Heightened Def Con from 0.00320019 to 0.00320019
Heightened Def Con from 0.00320019 to 0.00320019
Heightened Def Con from 0.00320019 to 0.00320019
Heightened Def Con from 0.00320019 to 0.00320019
Heightened Def Con from 0.00320019 to 0.00320019
Heightened Def Con from 0.00320019 to 0.00320019
Heightened Def Con from 0.00320019 to 0.00320019
Heightened Def Con from 0.00320019 to 0.00320019
Heightened Def Con from 0.00320019 to 0.0032002
Heightened Def Con from 0.003299 to 0.003299
Heightened Def Con from 0.00329901 to 0.00329901
Heightened Def Con from 0.00329901 to 0.00329901
Heightened Def Con from 0.00329901 to 0.00329902
Heightened Def Con from 0.0032991 to 0.0032991
Heightened Def Con from 0.0032991 to 0.0032991
Heightened Def Con from 0.0032992 to 0.0032992
Heightened Def Con from 0.0033 to 0.0033
Heightened Def Con from 0.00330009 to 0.00330009
Heightened Def Con from 0.00330009 to 0.00330009
Heightened Def Con from 0.0033001 to 0.0033001
Heightened Def Con from 0.0033001 to 0.00330011
Heightened Def Con from 0.00330019 to 0.00330019
Heightened Def Con from 0.00330019 to 0.0033002
Heightened Def Con from 0.003399 to 0.003399
Heightened Def Con from 0.00339901 to 0.00339901
Heightened Def Con from 0.00339901 to 0.00339902
Heightened Def Con from 0.0033991 to 0.0033991
Heightened Def Con from 0.0033991 to 0.0033991
Heightened Def Con from 0.0033991 to 0.0033991
Heightened Def Con from 0.0033992 to 0.0033992
Heightened Def Con from 0.00339999 to 0.00339999
Heightened Def Con from 0.0034 to 0.0034
Heightened Def Con from 0.0034 to 0.00340001
Heightened Def Con from 0.00340009 to 0.00340009
Heightened Def Con from 0.00340009 to 0.0034001
Heightened Def Con from 0.0034001 to 0.00340011
Heightened Def Con from 0.00340019 to 0.00340019
Heightened Def Con from 0.00340019 to 0.00340019
Heightened Def Con from 0.00340019 to 0.00340019
Heightened Def Con from 0.00340019 to 0.00340019
Heightened Def Con from 0.00340019 to 0.00340019
Heightened Def Con from 0.00340019 to 0.00340019
Heightened Def Con from 0.00340019 to 0.00340019
Heightened Def Con from 0.00340019 to 0.00340019
Heightened Def Con from 0.00340019 to 0.00340019
Heightened Def Con from 0.00340019 to 0.00340019
Heightened Def Con from 0.00340019 to 0.00340019
Heightened Def Con from 0.00340019 to 0.00340019
Heightened Def Con from 0.00340019 to 0.00340019
Heightened Def Con from 0.00340019 to 0.00340019
Heightened Def Con from 0.00340019 to 0.00340019
Heightened Def Con from 0.00340019 to 0.00340019
Heightened Def Con from 0.00340019 to 0.00340019
Heightened Def Con from 0.00340019 to 0.00340019
Heightened Def Con from 0.00340019 to 0.00340019
Heightened Def Con from 0.00340019 to 0.00340019
Heightened Def Con from 0.00340019 to 0.00340019
Heightened Def Con from 0.00340019 to 0.00340019
Heightened Def Con from 0.00340019 to 0.00340019
Heightened Def Con from 0.00340019 to 0.00340019
Heightened Def Con from 0.00340019 to 0.00340019
Heightened Def Con from 0.00340019 to 0.00340019
Heightened Def Con from 0.00340019 to 0.00340019
Heightened Def Con from 0.00340019 to 0.00340019
Heightened Def Con from 0.00340019 to 0.0034002
Heightened Def Con from 0.003499 to 0.003499
Heightened Def Con from 0.00349901 to 0.00349901
Heightened Def Con from 0.00349901 to 0.00349901
Heightened Def Con from 0.00349901 to 0.00349902
Heightened Def Con from 0.0034991 to 0.0034991
Heightened Def Con from 0.0034992 to 0.0034992
Heightened Def Con from 0.00349999 to 0.00349999
Heightened Def Con from 0.0035 to 0.0035
Heightened Def Con from 0.0035 to 0.00350001
Heightened Def Con from 0.00350009 to 0.00350009
Heightened Def Con from 0.00350009 to 0.00350009
Heightened Def Con from 0.00350009 to 0.0035001
Heightened Def Con from 0.00350019 to 0.00350019
Heightened Def Con from 0.00350019 to 0.00350019
Heightened Def Con from 0.00350019 to 0.00350019
Heightened Def Con from 0.00350019 to 0.00350019
Heightened Def Con from 0.00350019 to 0.00350019
Heightened Def Con from 0.00350019 to 0.00350019
Heightened Def Con from 0.00350019 to 0.00350019
Heightened Def Con from 0.00350019 to 0.00350019
Heightened Def Con from 0.00350019 to 0.0035002
Heightened Def Con from 0.003599 to 0.003599
Heightened Def Con from 0.00359901 to 0.00359901
Heightened Def Con from 0.00359901 to 0.00359902
Heightened Def Con from 0.0035991 to 0.0035991
Heightened Def Con from 0.0035992 to 0.0035992
Heightened Def Con from 0.00359999 to 0.00359999
Heightened Def Con from 0.0036 to 0.0036
Heightened Def Con from 0.0036 to 0.0036
Heightened Def Con from 0.00360009 to 0.00360009
Heightened Def Con from 0.00360009 to 0.00360009
Heightened Def Con from 0.00360009 to 0.0036001
Heightened Def Con from 0.00360011 to 0.00360011
Heightened Def Con from 0.00360019 to 0.00360019
Heightened Def Con from 0.00360019 to 0.00360019
Heightened Def Con from 0.00360019 to 0.00360019
Heightened Def Con from 0.003699 to 0.003699
Heightened Def Con from 0.003699 to 0.003699
Heightened Def Con from 0.00369901 to 0.00369901
Heightened Def Con from 0.00369901 to 0.00369901
Heightened Def Con from 0.0036991 to 0.0036991
Heightened Def Con from 0.0036992 to 0.0036992
Heightened Def Con from 0.00369999 to 0.00369999
Heightened Def Con from 0.0037 to 0.0037
Heightened Def Con from 0.0037 to 0.00370001
Heightened Def Con from 0.00370009 to 0.00370009
Heightened Def Con from 0.00370009 to 0.00370009
Heightened Def Con from 0.00370009 to 0.0037001
Heightened Def Con from 0.00370019 to 0.00370019
Heightened Def Con from 0.00370019 to 0.00370019
Heightened Def Con from 0.00370019 to 0.00370019
Heightened Def Con from 0.00370019 to 0.00370019
Heightened Def Con from 0.00370019 to 0.00370019
Heightened Def Con from 0.00370019 to 0.00370019
Heightened Def Con from 0.00370019 to 0.00370019
Heightened Def Con from 0.00370019 to 0.00370019
Heightened Def Con from 0.00370019 to 0.00370019
Heightened Def Con from 0.00370019 to 0.00370019
Heightened Def Con from 0.00370019 to 0.00370019
Heightened Def Con from 0.00370019 to 0.00370019
Heightened Def Con from 0.00370019 to 0.00370019
Heightened Def Con from 0.00370019 to 0.00370019
Heightened Def Con from 0.00370019 to 0.00370019
Heightened Def Con from 0.00370019 to 0.00370019
Heightened Def Con from 0.00370019 to 0.00370019
Heightened Def Con from 0.00370019 to 0.00370019
Heightened Def Con from 0.00370019 to 0.0037002
Heightened Def Con from 0.003799 to 0.003799
Heightened Def Con from 0.00379901 to 0.00379901
Heightened Def Con from 0.00379901 to 0.00379901
Heightened Def Con from 0.0037991 to 0.0037991
Heightened Def Con from 0.0037992 to 0.0037992
Heightened Def Con from 0.0037992 to 0.0037992
Heightened Def Con from 0.0038 to 0.0038
Heightened Def Con from 0.0038 to 0.00380001
Heightened Def Con from 0.00380009 to 0.00380009
Heightened Def Con from 0.00380009 to 0.0038001
Heightened Def Con from 0.00380011 to 0.00380011
Heightened Def Con from 0.00380018 to 0.00380018
Heightened Def Con from 0.00380018 to 0.00380018
Heightened Def Con from 0.00380018 to 0.00380018
Heightened Def Con from 0.00380018 to 0.00380018
Heightened Def Con from 0.00380018 to 0.00380018
Heightened Def Con from 0.00380018 to 0.00380018
Heightened Def Con from 0.00380018 to 0.00380018
Heightened Def Con from 0.00380018 to 0.00380018
Heightened Def Con from 0.00380018 to 0.00380018
Heightened Def Con from 0.00380018 to 0.00380018
Heightened Def Con from 0.00380018 to 0.00380018
Heightened Def Con from 0.00380018 to 0.00380018
Heightened Def Con from 0.00380018 to 0.00380018
Heightened Def Con from 0.00380018 to 0.00380018
Heightened Def Con from 0.00380018 to 0.00380018
Heightened Def Con from 0.00380018 to 0.00380018
Heightened Def Con from 0.00380018 to 0.00380018
Heightened Def Con from 0.00380018 to 0.00380018
Heightened Def Con from 0.00380018 to 0.00380018
Heightened Def Con from 0.00380018 to 0.00380018
Heightened Def Con from 0.00380018 to 0.00380018
Heightened Def Con from 0.00380018 to 0.00380018
Heightened Def Con from 0.00380018 to 0.00380018
Heightened Def Con from 0.00380018 to 0.00380018
Heightened Def Con from 0.00380018 to 0.00380018
Heightened Def Con from 0.00380018 to 0.00380018
Heightened Def Con from 0.00380018 to 0.00380019
Heightened Def Con from 0.003899 to 0.003899
Heightened Def Con from 0.00389901 to 0.00389901
Heightened Def Con from 0.00389901 to 0.00389901
Heightened Def Con from 0.0038991 to 0.0038991
Heightened Def Con from 0.0038991 to 0.0038991
Heightened Def Con from 0.0038992 to 0.0038992
Heightened Def Con from 0.00389999 to 0.00389999
Heightened Def Con from 0.0039 to 0.0039
Heightened Def Con from 0.0039 to 0.00390001
Heightened Def Con from 0.00390009 to 0.00390009
Heightened Def Con from 0.00390009 to 0.00390009
Heightened Def Con from 0.00390009 to 0.0039001
Heightened Def Con from 0.0039001 to 0.00390011
Heightened Def Con from 0.00390019 to 0.00390019
Heightened Def Con from 0.00390019 to 0.00390019
Heightened Def Con from 0.00390019 to 0.00390019
Heightened Def Con from 0.00390019 to 0.00390019
Heightened Def Con from 0.00390019 to 0.00390019
Heightened Def Con from 0.00390019 to 0.00390019
Heightened Def Con from 0.00390019 to 0.00390019
Heightened Def Con from 0.00390019 to 0.00390019
Heightened Def Con from 0.00390019 to 0.00390019
Heightened Def Con from 0.003999 to 0.003999
Heightened Def Con from 0.00399901 to 0.00399901
Heightened Def Con from 0.00399901 to 0.00399901
Heightened Def Con from 0.0039991 to 0.0039991
Heightened Def Con from 0.0039992 to 0.0039992
Heightened Def Con from 0.00399999 to 0.00399999
Heightened Def Con from 0.004 to 0.004
Heightened Def Con from 0.004 to 0.004
Heightened Def Con from 0.00400009 to 0.00400009
Heightened Def Con from 0.00400009 to 0.00400009
Heightened Def Con from 0.00400009 to 0.0040001
Heightened Def Con from 0.0040001 to 0.00400011
Heightened Def Con from 0.00400019 to 0.00400019
Heightened Def Con from 0.00400019 to 0.00400019
Heightened Def Con from 0.00400019 to 0.00400019
Heightened Def Con from 0.00400019 to 0.00400019
Heightened Def Con from 0.004099 to 0.004099
Heightened Def Con from 0.00409901 to 0.00409901
Heightened Def Con from 0.00409901 to 0.00409901
Heightened Def Con from 0.00409901 to 0.00409901
Heightened Def Con from 0.0040991 to 0.0040991
Heightened Def Con from 0.0040992 to 0.0040992
Heightened Def Con from 0.0041 to 0.0041
Heightened Def Con from 0.0041 to 0.0041
Heightened Def Con from 0.00410009 to 0.00410009
Heightened Def Con from 0.00410009 to 0.00410009
Heightened Def Con from 0.00410009 to 0.0041001
Heightened Def Con from 0.0041001 to 0.00410011
Heightened Def Con from 0.00410018 to 0.00410018
Heightened Def Con from 0.00410018 to 0.00410018
Heightened Def Con from 0.00410018 to 0.00410018
Heightened Def Con from 0.00410018 to 0.00410018
Heightened Def Con from 0.00410018 to 0.00410019
Heightened Def Con from 0.004199 to 0.004199
Heightened Def Con from 0.00419901 to 0.00419901
Heightened Def Con from 0.00419901 to 0.00419902
Heightened Def Con from 0.0041991 to 0.0041991
Heightened Def Con from 0.0041992 to 0.0041992
Heightened Def Con from 0.00419999 to 0.00419999
Heightened Def Con from 0.0042 to 0.0042
Heightened Def Con from 0.0042 to 0.0042
Heightened Def Con from 0.00420009 to 0.00420009
Heightened Def Con from 0.00420009 to 0.00420009
Heightened Def Con from 0.00420009 to 0.0042001
Heightened Def Con from 0.0042001 to 0.0042001
Heightened Def Con from 0.00420011 to 0.00420011
Heightened Def Con from 0.00420019 to 0.00420019
Heightened Def Con from 0.00420019 to 0.0042002
Heightened Def Con from 0.004299 to 0.004299
Heightened Def Con from 0.004299 to 0.004299
Heightened Def Con from 0.00429901 to 0.00429901
Heightened Def Con from 0.0042991 to 0.0042991
Heightened Def Con from 0.0042991 to 0.0042991
Heightened Def Con from 0.0042992 to 0.0042992
Heightened Def Con from 0.00429999 to 0.00429999
Heightened Def Con from 0.00429999 to 0.00429999
Heightened Def Con from 0.0043 to 0.0043
Heightened Def Con from 0.0043 to 0.00430001
Heightened Def Con from 0.00430009 to 0.00430009
Heightened Def Con from 0.00430009 to 0.00430009
Heightened Def Con from 0.00430009 to 0.0043001
Heightened Def Con from 0.0043001 to 0.00430011
Heightened Def Con from 0.00430019 to 0.00430019
Heightened Def Con from 0.00430019 to 0.00430019
Heightened Def Con from 0.00430019 to 0.00430019
Heightened Def Con from 0.00430019 to 0.00430019
Heightened Def Con from 0.00430019 to 0.00430019
Heightened Def Con from 0.00430019 to 0.00430019
Heightened Def Con from 0.00430019 to 0.00430019
Heightened Def Con from 0.00430019 to 0.0043002
Heightened Def Con from 0.004399 to 0.004399
Heightened Def Con from 0.00439901 to 0.00439901
Heightened Def Con from 0.00439901 to 0.00439901
Heightened Def Con from 0.0043991 to 0.0043991
Heightened Def Con from 0.0043991 to 0.0043991
Heightened Def Con from 0.0043992 to 0.0043992
Heightened Def Con from 0.0044 to 0.0044
Heightened Def Con from 0.0044 to 0.00440001
Heightened Def Con from 0.00440009 to 0.00440009
Heightened Def Con from 0.00440009 to 0.0044001
Heightened Def Con from 0.00440011 to 0.00440011
Heightened Def Con from 0.00440018 to 0.00440018
Heightened Def Con from 0.00440018 to 0.00440018
Heightened Def Con from 0.00440018 to 0.00440018
Heightened Def Con from 0.00440018 to 0.00440018
Heightened Def Con from 0.00440018 to 0.00440018
Heightened Def Con from 0.00440018 to 0.00440018
Heightened Def Con from 0.00440018 to 0.00440018
Heightened Def Con from 0.00440018 to 0.00440018
Heightened Def Con from 0.00440018 to 0.00440018
Heightened Def Con from 0.00440018 to 0.00440018
Heightened Def Con from 0.00440018 to 0.00440019
Heightened Def Con from 0.004499 to 0.004499
Heightened Def Con from 0.004499 to 0.004499
Heightened Def Con from 0.00449901 to 0.00449901
Heightened Def Con from 0.00449901 to 0.00449901
Heightened Def Con from 0.0044991 to 0.0044991
Heightened Def Con from 0.0044991 to 0.0044991
Heightened Def Con from 0.0044991 to 0.0044991
Heightened Def Con from 0.0044991 to 0.0044991
Heightened Def Con from 0.0044992 to 0.0044992
Heightened Def Con from 0.0045 to 0.0045
Heightened Def Con from 0.00450009 to 0.00450009
Heightened Def Con from 0.00450009 to 0.00450009
Heightened Def Con from 0.00450009 to 0.00450009
Heightened Def Con from 0.0045001 to 0.0045001
Heightened Def Con from 0.0045001 to 0.00450011
Heightened Def Con from 0.00450019 to 0.00450019
Heightened Def Con from 0.00450019 to 0.0045002
Heightened Def Con from 0.004599 to 0.004599
Heightened Def Con from 0.00459901 to 0.00459901
Heightened Def Con from 0.0045991 to 0.0045991
Heightened Def Con from 0.00459912 to 0.00459912
Heightened Def Con from 0.0045992 to 0.0045992
Heightened Def Con from 0.00459999 to 0.00459999
Heightened Def Con from 0.0046 to 0.0046
Heightened Def Con from 0.00460009 to 0.00460009
Heightened Def Con from 0.00460009 to 0.00460009
Heightened Def Con from 0.00460009 to 0.0046001
Heightened Def Con from 0.0046001 to 0.0046001
Heightened Def Con from 0.00460011 to 0.00460011
Heightened Def Con from 0.00460019 to 0.00460019
Heightened Def Con from 0.00460019 to 0.00460019
Heightened Def Con from 0.00460019 to 0.00460019
Heightened Def Con from 0.00460019 to 0.00460019
Heightened Def Con from 0.00460019 to 0.00460019
Heightened Def Con from 0.00460019 to 0.00460019
Heightened Def Con from 0.00460019 +to 0.00460019
Heightened Def Con from 0.00460019 to 0.00460019
Heightened Def Con from 0.00460019 to 0.00460019
Heightened Def Con from 0.00460019 to 0.00460019
Heightened Def Con from 0.00460019 to 0.00460019
Heightened Def Con from 0.00460019 to 0.00460019
Heightened Def Con from 0.00460019 to 0.0046002
Heightened Def Con from 0.004699 to 0.004699
Heightened Def Con from 0.00469901 to 0.00469901
Heightened Def Con from 0.0046991 to 0.0046991
Heightened Def Con from 0.0046992 to 0.0046992
Heightened Def Con from 0.0046992 to 0.0046992
Heightened Def Con from 0.0047 to 0.0047
Heightened Def Con from 0.0047 to 0.0047
Heightened Def Con from 0.0047 to 0.00470001
Heightened Def Con from 0.00470009 to 0.00470009
Heightened Def Con from 0.00470009 to 0.0047001
Heightened Def Con from 0.00470011 to 0.00470011
Heightened Def Con from 0.00470019 to 0.00470019
Heightened Def Con from 0.00470019 to 0.00470019
Heightened Def Con from 0.00470019 to 0.00470019
Heightened Def Con from 0.00470019 to 0.00470019
Heightened Def Con from 0.00470019 to 0.00470019
Heightened Def Con from 0.00470019 to 0.00470019
Heightened Def Con from 0.00470019 to 0.00470019
Heightened Def Con from 0.00470019 to 0.00470019
Heightened Def Con from 0.00470019 to 0.00470019
Heightened Def Con from 0.00470019 to 0.00470019
Heightened Def Con from 0.00470019 to 0.00470019
Heightened Def Con from 0.00470019 to 0.00470019
Heightened Def Con from 0.00470019 to 0.00470019
Heightened Def Con from 0.00470019 to 0.00470019
Heightened Def Con from 0.00470019 to 0.00470019
Heightened Def Con from 0.00470019 to 0.00470019
Heightened Def Con from 0.00470019 to 0.00470019
Heightened Def Con from 0.00470019 to 0.00470019
Heightened Def Con from 0.00470019 to 0.00470019
Heightened Def Con from 0.00470019 to 0.0047002
Heightened Def Con from 0.004799 to 0.004799
Heightened Def Con from 0.00479901 to 0.00479901
Heightened Def Con from 0.00479901 to 0.00479902
Heightened Def Con from 0.0047991 to 0.0047991
Heightened Def Con from 0.0047992 to 0.0047992
Heightened Def Con from 0.0048 to 0.0048
Heightened Def Con from 0.0048 to 0.00480001
Heightened Def Con from 0.00480009 to 0.0048001
Heightened Def Con from 0.00480011 to 0.00480011
Heightened Def Con from 0.00480019 to 0.00480019
Heightened Def Con from 0.00480019 to 0.00480019
Heightened Def Con from 0.00480019 to 0.00480019
Heightened Def Con from 0.00480019 to 0.00480019
Heightened Def Con from 0.00480019 to 0.00480019
Heightened Def Con from 0.00480019 to 0.00480019
Heightened Def Con from 0.00480019 to 0.00480019
Heightened Def Con from 0.00480019 to 0.00480019
Heightened Def Con from 0.00480019 to 0.00480019
Heightened Def Con from 0.00480019 to 0.00480019
Heightened Def Con from 0.00480019 to 0.00480019
Heightened Def Con from 0.00480019 to 0.00480019
Heightened Def Con from 0.00480019 to 0.00480019
Heightened Def Con from 0.00480019 to 0.00480019
Heightened Def Con from 0.00480019 to 0.00480019
Heightened Def Con from 0.00480019 to 0.00480019
Heightened Def Con from 0.00480019 to 0.00480019
Heightened Def Con from 0.00480019 to 0.00480019
Heightened Def Con from 0.00480019 to 0.00480019
Heightened Def Con from 0.00480019 to 0.00480019
Heightened Def Con from 0.00480019 +to 0.00480019
Heightened Def Con from 0.00480019 to 0.00480019
Heightened Def Con from 0.00480019 to 0.0048002
Heightened Def Con from 0.004899 to 0.004899
Heightened Def Con from 0.00489901 to 0.00489901
Heightened Def Con from 0.00489901 to 0.00489902
Heightened Def Con from 0.0048991 to 0.0048991
Heightened Def Con from 0.0048992 to 0.0048992
Heightened Def Con from 0.0049 to 0.0049
Heightened Def Con from 0.0049 to 0.0049
Heightened Def Con from 0.00490009 to 0.00490009
Heightened Def Con from 0.00490009 to 0.0049001
Heightened Def Con from 0.00490011 to 0.00490011
Heightened Def Con from 0.00490019 to 0.00490019
Heightened Def Con from 0.00490019 to 0.00490019
Heightened Def Con from 0.00490019 to 0.00490019
Heightened Def Con from 0.00490019 to 0.00490019
Heightened Def Con from 0.00490019 to 0.00490019
Heightened Def Con from 0.00490019 to 0.00490019
Heightened Def Con from 0.00490019 to 0.00490019
Heightened Def Con from 0.00490019 to 0.00490019
Heightened Def Con from 0.00490019 to 0.00490019
Heightened Def Con from 0.00490019 +to 0.00490019
Heightened Def Con from 0.00490019 to 0.00490019
Heightened Def Con from 0.00490019 +to 0.00490019
Heightened Def Con from 0.00490019 to 0.0049002
Heightened Def Con from 0.004999 to 0.004999
Heightened Def Con from 0.00499901 to 0.00499901
Heightened Def Con from 0.00499901 to 0.00499902
Heightened Def Con from 0.0049991 to 0.0049991
Heightened Def Con from 0.0049991 to 0.0049991
Heightened Def Con from 0.0049991 to 0.0049991
Heightened Def Con from 0.0049992 to 0.0049992
Heightened Def Con from 0.005 to 0.005
Heightened Def Con from 0.00500009 to 0.00500009
Heightened Def Con from 0.00500009 to 0.00500009
Heightened Def Con from 0.00500009 to 0.00500009
Heightened Def Con from 0.00500009 to 0.0050001
Heightened Def Con from 0.00500011 to 0.00500011
Heightened Def Con from 0.00500019 to 0.00500019
Heightened Def Con from 0.00500019 to 0.00500019
Heightened Def Con from 0.00500019 to 0.00500019
Heightened Def Con from 0.00500019 to 0.00500019
Heightened Def Con from 0.00500019 to 0.00500019
Heightened Def Con from 0.00500019 to 0.00500019
Heightened Def Con from 0.00500019 to 0.00500019
Heightened Def Con from 0.00500019 to 0.00500019
Heightened Def Con from 0.00500019 to 0.00500019
Heightened Def Con from 0.00500019 to 0.00500019
Heightened Def Con from 0.00500019 to 0.00500019
Heightened Def Con from 0.00500019 to 0.0050002
Heightened Def Con from 0.005099 to 0.005099
Heightened Def Con from 0.00509901 to 0.00509901
Heightened Def Con from 0.0050991 to 0.0050991
Heightened Def Con from 0.0050991 to 0.0050991
Heightened Def Con from 0.0050992 to 0.0050992
Heightened Def Con from 0.0051 to 0.0051
Heightened Def Con from 0.00510009 to 0.00510009
Heightened Def Con from 0.00510009 to 0.00510009
Heightened Def Con from 0.00510009 to 0.0051001
Heightened Def Con from 0.0051001 to 0.0051001
Heightened Def Con from 0.00510019 to 0.00510019
Heightened Def Con from 0.00510019 to 0.00510019
Heightened Def Con from 0.00510019 to 0.0051002
Heightened Def Con from 0.005199 to 0.005199
Heightened Def Con from 0.00519901 to 0.00519901
Heightened Def Con from 0.00519901 to 0.00519901
Heightened Def Con from 0.00519901 to 0.00519901
Heightened Def Con from 0.00519901 to 0.00519901
Heightened Def Con from 0.00519901 to 0.00519901
Heightened Def Con from 0.0051991 to 0.0051991
Heightened Def Con from 0.0051991 to 0.0051991
Heightened Def Con from 0.0051992 to 0.0051992
Heightened Def Con from 0.0052 to 0.0052
Heightened Def Con from 0.00520009 to 0.00520009
Heightened Def Con from 0.00520009 to 0.00520009
Heightened Def Con from 0.00520009 to 0.0052001
Heightened Def Con from 0.0052001 to 0.0052001
Heightened Def Con from 0.0052001 to 0.00520011
Heightened Def Con from 0.00520019 to 0.00520019
Heightened Def Con from 0.00520019 to 0.00520019
Heightened Def Con from 0.00520019 to 0.00520019
Heightened Def Con from 0.00520019 to 0.00520019
Heightened Def Con from 0.00520019 to 0.00520019
Heightened Def Con from 0.00520019 to 0.00520019
Heightened Def Con from 0.00520019 to 0.00520019
Heightened Def Con from 0.00520019 to 0.0052002
Heightened Def Con from 0.005299 to 0.005299
Heightened Def Con from 0.00529901 to 0.00529901
Heightened Def Con from 0.00529901 to 0.00529901
Heightened Def Con from 0.0052991 to 0.0052991
Heightened Def Con from 0.0052992 to 0.0052992
Heightened Def Con from 0.00529999 to 0.00529999
Heightened Def Con from 0.0053 to 0.0053
Heightened Def Con from 0.0053 to 0.0053
Heightened Def Con from 0.00530009 to 0.00530009
Heightened Def Con from 0.00530009 to 0.00530009
Heightened Def Con from 0.00530009 to 0.0053001
Heightened Def Con from 0.0053001 to 0.00530011
Heightened Def Con from 0.00530019 to 0.00530019
Heightened Def Con from 0.00530019 to 0.00530019
Heightened Def Con from 0.00530019 to 0.00530019
Heightened Def Con from 0.00530019 to 0.00530019
Heightened Def Con from 0.00530019 to 0.00530019
Heightened Def Con from 0.00530019 to 0.00530019
Heightened Def Con from 0.00530019 to 0.00530019
Heightened Def Con from 0.00530019 to 0.0053002
Heightened Def Con from 0.005399 to 0.005399
Heightened Def Con from 0.00539901 to 0.00539901
Heightened Def Con from 0.00539901 to 0.00539902
Heightened Def Con from 0.0053991 to 0.0053991
Heightened Def Con from 0.0053992 to 0.0053992
Heightened Def Con from 0.00539999 to 0.00539999
Heightened Def Con from 0.0054 to 0.0054
Heightened Def Con from 0.0054 to 0.00540001
Heightened Def Con from 0.00540009 to 0.00540009
Heightened Def Con from 0.00540009 to 0.00540009
Heightened Def Con from 0.0054001 to 0.00540011
Heightened Def Con from 0.00540019 to 0.0054002
Heightened Def Con from 0.005499 to 0.005499
Heightened Def Con from 0.005499 to 0.005499
Heightened Def Con from 0.00549901 to 0.00549901
Heightened Def Con from 0.00549901 to 0.00549901
Heightened Def Con from 0.00549901 to 0.00549902
Heightened Def Con from 0.0054991 to 0.0054991
Heightened Def Con from 0.0054991 to 0.0054991
Heightened Def Con from 0.0054992 to 0.0054992
Heightened Def Con from 0.0055 to 0.0055
Heightened Def Con from 0.0055 to 0.00550001
Heightened Def Con from 0.00550009 to 0.00550009
Heightened Def Con from 0.00550009 to 0.0055001
Heightened Def Con from 0.0055001 to 0.00550011
Heightened Def Con from 0.00550019 to 0.0055002
Heightened Def Con from 0.005599 to 0.005599
Heightened Def Con from 0.00559901 to 0.00559901
Heightened Def Con from 0.0055991 to 0.0055991
Heightened Def Con from 0.0055991 to 0.0055991
Heightened Def Con from 0.0055992 to 0.0055992
Heightened Def Con from 0.00559999 to 0.00559999
Heightened Def Con from 0.0056 to 0.0056
Heightened Def Con from 0.0056 to 0.0056
Heightened Def Con from 0.00560009 to 0.00560009
Heightened Def Con from 0.00560009 to 0.0056001
Heightened Def Con from 0.00560019 to 0.00560019
Heightened Def Con from 0.00560019 to 0.00560019
Heightened Def Con from 0.00560019 to 0.0056002
Heightened Def Con from 0.005699 to 0.005699
Heightened Def Con from 0.00569901 to 0.00569901
Heightened Def Con from 0.0056991 to 0.0056991
Heightened Def Con from 0.0056991 to 0.0056991
Heightened Def Con from 0.0056991 to 0.0056991
Heightened Def Con from 0.0056992 to 0.0056992
Heightened Def Con from 0.00569999 to 0.00569999
Heightened Def Con from 0.0057 to 0.0057
Heightened Def Con from 0.0057 to 0.00570001
Heightened Def Con from 0.00570009 to 0.00570009
Heightened Def Con from 0.00570011 to 0.00570011
Heightened Def Con from 0.00570019 to 0.00570019
Heightened Def Con from 0.00570019 to 0.00570019
Heightened Def Con from 0.00570019 to 0.00570019
Heightened Def Con from 0.00570019 to 0.00570019
Heightened Def Con from 0.00570019 to 0.0057002
Heightened Def Con from 0.005799 to 0.005799
Heightened Def Con from 0.00579901 to 0.00579901
Heightened Def Con from 0.00579901 to 0.00579902
Heightened Def Con from 0.0057991 to 0.0057991
Heightened Def Con from 0.0057991 to 0.0057991
Heightened Def Con from 0.0057992 to 0.0057992
Heightened Def Con from 0.0058 to 0.0058
Heightened Def Con from 0.0058 to 0.0058
Heightened Def Con from 0.0058 to 0.0058
Heightened Def Con from 0.00580009 to 0.00580009
Heightened Def Con from 0.00580009 to 0.00580009
Heightened Def Con from 0.00580009 to 0.00580009
Heightened Def Con from 0.0058001 to 0.0058001
Heightened Def Con from 0.00580011 to 0.00580011
Heightened Def Con from 0.00580019 to 0.00580019
Heightened Def Con from 0.005899 to 0.005899
Heightened Def Con from 0.00589901 to 0.00589901
Heightened Def Con from 0.00589901 to 0.00589902
Heightened Def Con from 0.0058991 to 0.0058991
Heightened Def Con from 0.0058992 to 0.0058992
Heightened Def Con from 0.00589999 to 0.00589999
Heightened Def Con from 0.0059 to 0.0059
Heightened Def Con from 0.0059 to 0.00590001
Heightened Def Con from 0.00590009 to 0.00590009
Heightened Def Con from 0.00590009 to 0.00590009
Heightened Def Con from 0.00590009 to 0.00590009
Heightened Def Con from 0.00590009 to 0.0059001
Heightened Def Con from 0.0059001 to 0.0059001
Heightened Def Con from 0.0059001 to 0.00590011
Heightened Def Con from 0.00590019 to 0.00590019
Heightened Def Con from 0.00590019 to 0.00590019
Heightened Def Con from 0.00590019 to 0.00590019
Heightened Def Con from 0.00590019 to 0.00590019
Heightened Def Con from 0.00590019 to 0.00590019
Heightened Def Con from 0.00590019 to 0.00590019
Heightened Def Con from 0.00590019 to 0.00590019
Heightened Def Con from 0.00590019 to 0.00590019
Heightened Def Con from 0.00590019 to 0.00590019
Heightened Def Con from 0.00590019 to 0.00590019
Heightened Def Con from 0.00590019 to 0.00590019
Heightened Def Con from 0.00590019 to 0.00590019
Heightened Def Con from 0.00590019 to 0.00590019
Heightened Def Con from 0.00590019 +to 0.00590019
Heightened Def Con from 0.00590019 to 0.00590019
Heightened Def Con from 0.00590019 to 0.00590019
Heightened Def Con from 0.005999 to 0.005999
Heightened Def Con from 0.00599901 to 0.00599901
Heightened Def Con from 0.00599901 to 0.00599902
Heightened Def Con from 0.0059991 to 0.0059991
Heightened Def Con from 0.0059991 to 0.0059991
Heightened Def Con from 0.0059992 to 0.0059992
Heightened Def Con from 0.00599999 to 0.00599999
Heightened Def Con from 0.006 to 0.006
Heightened Def Con from 0.006 to 0.006
Heightened Def Con from 0.00600009 to 0.00600009
Heightened Def Con from 0.00600009 to 0.0060001
Heightened Def Con from 0.00600011 to 0.00600011
Heightened Def Con from 0.00600019 to 0.00600019
Heightened Def Con from 0.00600019 to 0.00600019
Heightened Def Con from 0.006099 to 0.006099
Heightened Def Con from 0.00609901 to 0.00609901
Heightened Def Con from 0.00609901 to 0.00609902
Heightened Def Con from 0.0060991 to 0.0060991
Heightened Def Con from 0.0060992 to 0.0060992
Heightened Def Con from 0.00609999 to 0.00609999
Heightened Def Con from 0.0061 to 0.0061
Heightened Def Con from 0.0061 to 0.0061
Heightened Def Con from 0.00610009 to 0.00610009
Heightened Def Con from 0.00610009 to 0.0061001
Heightened Def Con from 0.00610019 to 0.00610019
Heightened Def Con from 0.00610019 to 0.00610019
Heightened Def Con from 0.006199 to 0.006199
Heightened Def Con from 0.00619901 to 0.00619901
Heightened Def Con from 0.00619901 to 0.00619901
Heightened Def Con from 0.0061991 to 0.0061991
Heightened Def Con from 0.0061992 to 0.0061992
Heightened Def Con from 0.0062 to 0.0062
Heightened Def Con from 0.0062 to 0.0062
Heightened Def Con from 0.00620009 to 0.00620009
Heightened Def Con from 0.00620009 to 0.0062001
Heightened Def Con from 0.0062001 to 0.0062001
Heightened Def Con from 0.0062001 to 0.00620011
Heightened Def Con from 0.00620019 to 0.00620019
Heightened Def Con from 0.00620019 to 0.00620019
Heightened Def Con from 0.00620019 to 0.00620019
Heightened Def Con from 0.00620019 to 0.00620019
Heightened Def Con from 0.00620019 to 0.00620019
Heightened Def Con from 0.00620019 to 0.0062002
Heightened Def Con from 0.006299 to 0.006299
Heightened Def Con from 0.00629901 to 0.00629901
Heightened Def Con from 0.00629901 to 0.00629901
Heightened Def Con from 0.0062991 to 0.0062991
Heightened Def Con from 0.0062991 to 0.0062991
Heightened Def Con from 0.0062992 to 0.0062992
Heightened Def Con from 0.00629999 to 0.00629999
Heightened Def Con from 0.0063 to 0.0063
Heightened Def Con from 0.0063 to 0.00630001
Heightened Def Con from 0.00630009 to 0.00630009
Heightened Def Con from 0.00630009 to 0.0063001
Heightened Def Con from 0.00630011 to 0.00630011
Heightened Def Con from 0.00630019 to 0.00630019
Heightened Def Con from 0.00630019 to 0.00630019
Heightened Def Con from 0.00630019 to 0.00630019
Heightened Def Con from 0.00630019 to 0.00630019
Heightened Def Con from 0.00630019 to 0.00630019
Heightened Def Con from 0.00630019 to 0.00630019
Heightened Def Con from 0.00630019 to 0.00630019
Heightened Def Con from 0.00630019 to 0.0063002
Heightened Def Con from 0.006399 to 0.006399
Heightened Def Con from 0.00639901 to 0.00639901
Heightened Def Con from 0.00639901 to 0.00639901
Heightened Def Con from 0.0063991 to 0.0063991
Heightened Def Con from 0.0063992 to 0.0063992
Heightened Def Con from 0.0064 to 0.0064
Heightened Def Con from 0.0064 to 0.00640001
Heightened Def Con from 0.00640009 to 0.00640009
Heightened Def Con from 0.00640009 to 0.0064001
Heightened Def Con from 0.0064001 to 0.00640011
Heightened Def Con from 0.00640019 to 0.00640019
Heightened Def Con from 0.00640019 to 0.00640019
Heightened Def Con from 0.00640019 to 0.00640019
Heightened Def Con from 0.00640019 to 0.00640019
Heightened Def Con from 0.00640019 to 0.00640019
Heightened Def Con from 0.00640019 to 0.00640019
Heightened Def Con from 0.00640019 to 0.00640019
Heightened Def Con from 0.00640019 to 0.00640019
Heightened Def Con from 0.00640019 to 0.0064002
Heightened Def Con from 0.006499 to 0.006499
Heightened Def Con from 0.00649901 to 0.00649901
Heightened Def Con from 0.00649901 to 0.00649902
Heightened Def Con from 0.0064991 to 0.0064991
Heightened Def Con from 0.0064992 to 0.0064992
Heightened Def Con from 0.0065 to 0.0065
Heightened Def Con from 0.00650009 to 0.00650009
Heightened Def Con from 0.00650009 to 0.00650009
Heightened Def Con from 0.00650009 to 0.0065001
Heightened Def Con from 0.00650019 to 0.00650019
Heightened Def Con from 0.00650019 to 0.00650019
Heightened Def Con from 0.00650019 to 0.00650019
Heightened Def Con from 0.00650019 to 0.00650019
Heightened Def Con from 0.00650019 to 0.00650019
Heightened Def Con from 0.00650019 to 0.00650019
Heightened Def Con from 0.00650019 to 0.0065002
Heightened Def Con from 0.006599 to 0.006599
Heightened Def Con from 0.00659901 to 0.00659901
Heightened Def Con from 0.0065991 to 0.0065991
Heightened Def Con from 0.0065991 to 0.0065991
Heightened Def Con from 0.0065992 to 0.0065992
Heightened Def Con from 0.0066 to 0.0066
Heightened Def Con from 0.0066 to 0.00660001
Heightened Def Con from 0.00660009 to 0.00660009
Heightened Def Con from 0.00660009 to 0.0066001
Heightened Def Con from 0.00660018 to 0.00660018
Heightened Def Con from 0.00660018 to 0.00660018
Heightened Def Con from 0.00660018 to 0.00660019
Heightened Def Con from 0.00660019 to 0.00660019
Heightened Def Con from 0.00660019 to 0.00660019
Heightened Def Con from 0.00660019 to 0.00660019
Heightened Def Con from 0.00660019 to 0.00660019
Heightened Def Con from 0.00660019 to 0.00660019
Heightened Def Con from 0.00660019 to 0.00660019
Heightened Def Con from 0.00660019 to 0.00660019
Heightened Def Con from 0.00660019 to 0.00660019
Heightened Def Con from 0.00660019 to 0.00660019
Heightened Def Con from 0.006699 to 0.006699
Heightened Def Con from 0.00669901 to 0.00669901
Heightened Def Con from 0.00669901 to 0.00669901
Heightened Def Con from 0.0066991 to 0.0066991
Heightened Def Con from 0.0066992 to 0.0066992
Heightened Def Con from 0.00669999 to 0.00669999
Heightened Def Con from 0.0067 to 0.0067
Heightened Def Con from 0.0067 to 0.0067
Heightened Def Con from 0.00670009 to 0.00670009
Heightened Def Con from 0.00670009 to 0.0067001
Heightened Def Con from 0.00670011 to 0.00670011
Heightened Def Con from 0.00670019 to 0.00670019
Heightened Def Con from 0.00670019 to 0.00670019
Heightened Def Con from 0.00670019 to 0.00670019
Heightened Def Con from 0.00670019 to 0.0067002
Heightened Def Con from 0.006799 to 0.006799
Heightened Def Con from 0.00679901 to 0.00679901
Heightened Def Con from 0.00679901 to 0.00679902
Heightened Def Con from 0.0067991 to 0.0067991
Heightened Def Con from 0.0067991 to 0.0067991
Heightened Def Con from 0.0067992 to 0.0067992
Heightened Def Con from 0.0068 to 0.0068
Heightened Def Con from 0.0068 to 0.00680001
Heightened Def Con from 0.00680009 to 0.00680009
Heightened Def Con from 0.0068001 to 0.0068001
Heightened Def Con from 0.00680011 to 0.00680011
Heightened Def Con from 0.00680019 to 0.00680019
Heightened Def Con from 0.00680019 to 0.00680019
Heightened Def Con from 0.00680019 to 0.00680019
Heightened Def Con from 0.00680019 to 0.0068002
Heightened Def Con from 0.006899 to 0.006899
Heightened Def Con from 0.00689901 to 0.00689901
Heightened Def Con from 0.0068991 to 0.0068991
Heightened Def Con from 0.0068992 to 0.0068992
Heightened Def Con from 0.00689999 to 0.00689999
Heightened Def Con from 0.0069 to 0.0069
Heightened Def Con from 0.00690009 to 0.0069001
Heightened Def Con from 0.0069001 to 0.00690011
Heightened Def Con from 0.00690019 to 0.00690019
Heightened Def Con from 0.00690019 to 0.00690019
Heightened Def Con from 0.006999 to 0.006999
Heightened Def Con from 0.00699901 to 0.00699901
Heightened Def Con from 0.00699901 to 0.00699901
Heightened Def Con from 0.0069991 to 0.0069991
Heightened Def Con from 0.0069992 to 0.0069992
Heightened Def Con from 0.00699999 to 0.00699999
Heightened Def Con from 0.007 to 0.007
Heightened Def Con from 0.007 to 0.007
Heightened Def Con from 0.00700009 to 0.00700009
Heightened Def Con from 0.00700009 to 0.00700009
Heightened Def Con from 0.0070001 to 0.00700011
Heightened Def Con from 0.00700019 to 0.00700019
Heightened Def Con from 0.00700019 to 0.00700019
Heightened Def Con from 0.007099 to 0.007099
Heightened Def Con from 0.00709901 to 0.00709901
Heightened Def Con from 0.00709901 to 0.00709901
Heightened Def Con from 0.0070991 to 0.0070991
Heightened Def Con from 0.0070992 to 0.0070992
Heightened Def Con from 0.00709999 to 0.00709999
Heightened Def Con from 0.0071 to 0.0071
Heightened Def Con from 0.0071 to 0.0071
Heightened Def Con from 0.00710009 to 0.00710009
Heightened Def Con from 0.00710009 to 0.0071001
Heightened Def Con from 0.00710011 to 0.00710011
Heightened Def Con from 0.00710019 to 0.00710019
Heightened Def Con from 0.00710019 to 0.0071002
Heightened Def Con from 0.007199 to 0.007199
Heightened Def Con from 0.00719901 to 0.00719901
Heightened Def Con from 0.00719901 to 0.00719901
Heightened Def Con from 0.0071991 to 0.0071991
Heightened Def Con from 0.0071992 to 0.0071992
Heightened Def Con from 0.00719999 to 0.00719999
Heightened Def Con from 0.0072 to 0.0072
Heightened Def Con from 0.0072 to 0.00720001
Heightened Def Con from 0.00720009 to 0.00720009
Heightened Def Con from 0.00720009 to 0.0072001
Heightened Def Con from 0.00720018 to 0.00720019
Heightened Def Con from 0.00720019 to 0.00720019
Heightened Def Con from 0.00720019 to 0.00720019
Heightened Def Con from 0.007299 to 0.007299
Heightened Def Con from 0.00729901 to 0.00729901
Heightened Def Con from 0.00729901 to 0.00729902
Heightened Def Con from 0.0072991 to 0.0072991
Heightened Def Con from 0.0072991 to 0.0072991
Heightened Def Con from 0.0072992 to 0.0072992
Heightened Def Con from 0.0072992 to 0.0072992
Heightened Def Con from 0.0073 to 0.0073
Heightened Def Con from 0.00730009 to 0.00730009
Heightened Def Con from 0.00730009 to 0.0073001
Heightened Def Con from 0.00730011 to 0.00730011
Heightened Def Con from 0.00730019 to 0.00730019
Heightened Def Con from 0.00730019 to 0.00730019
Heightened Def Con from 0.00730019 to 0.00730019
Heightened Def Con from 0.00730019 to 0.00730019
Heightened Def Con from 0.00730019 to 0.00730019
Heightened Def Con from 0.00730019 to 0.00730019
Heightened Def Con from 0.00730019 to 0.00730019
Heightened Def Con from 0.00730019 to 0.00730019
Heightened Def Con from 0.00730019 to 0.00730019
Heightened Def Con from 0.00730019 to 0.00730019
Heightened Def Con from 0.00730019 to 0.00730019
Heightened Def Con from 0.00730019 to 0.00730019
Heightened Def Con from 0.00730019 to 0.00730019
Heightened Def Con from 0.00730019 to 0.00730019
Heightened Def Con from 0.00730019 to 0.00730019
Heightened Def Con from 0.00730019 to 0.00730019
Heightened Def Con from 0.00730019 to 0.00730019
Heightened Def Con from 0.00730019 to 0.0073002
Heightened Def Con from 0.007399 to 0.007399
Heightened Def Con from 0.00739901 to 0.00739901
Heightened Def Con from 0.00739901 to 0.00739902
Heightened Def Con from 0.0073991 to 0.0073991
Heightened Def Con from 0.0073992 to 0.0073992
Heightened Def Con from 0.00739999 to 0.0074
Heightened Def Con from 0.0074 to 0.0074
Heightened Def Con from 0.0074 to 0.00740001
Heightened Def Con from 0.00740009 to 0.00740009
Heightened Def Con from 0.00740009 to 0.00740009
Heightened Def Con from 0.00740009 to 0.00740009
Heightened Def Con from 0.00740009 to 0.0074001
Heightened Def Con from 0.00740019 to 0.00740019
Heightened Def Con from 0.00740019 to 0.00740019
Heightened Def Con from 0.00740019 to 0.00740019
Heightened Def Con from 0.00740019 to 0.00740019
Heightened Def Con from 0.00740019 to 0.00740019
Heightened Def Con from 0.00740019 to 0.00740019
Heightened Def Con from 0.00740019 to 0.00740019
Heightened Def Con from 0.00740019 to 0.00740019
Heightened Def Con from 0.00740019 to 0.00740019
Heightened Def Con from 0.00740019 to 0.00740019
Heightened Def Con from 0.00740019 to 0.00740019
Heightened Def Con from 0.00740019 to 0.00740019
Heightened Def Con from 0.00740019 to 0.00740019
Heightened Def Con from 0.00740019 to 0.00740019
Heightened Def Con from 0.00740019 to 0.00740019
Heightened Def Con from 0.00740019 to 0.00740019
Heightened Def Con from 0.00740019 to 0.00740019
Heightened Def Con from 0.00740019 to 0.00740019
Heightened Def Con from 0.00740019 to 0.00740019
Heightened Def Con from 0.00740019 to 0.00740019
Heightened Def Con from 0.00740019 to 0.00740019
Heightened Def Con from 0.00740019 to 0.00740019
Heightened Def Con from 0.00740019 to 0.00740019
Heightened Def Con from 0.00740019 to 0.00740019
Heightened Def Con from 0.00740019 to 0.00740019
Heightened Def Con from 0.00740019 to 0.00740019
Heightened Def Con from 0.00740019 to 0.00740019
Heightened Def Con from 0.00740019 to 0.00740019
Heightened Def Con from 0.00740019 to 0.00740019
Heightened Def Con from 0.00740019 to 0.0074002
Heightened Def Con from 0.007499 to 0.007499
Heightened Def Con from 0.007499 to 0.007499
Heightened Def Con from 0.00749901 to 0.00749901
Heightened Def Con from 0.0074991 to 0.0074991
Heightened Def Con from 0.0074991 to 0.0074991
Heightened Def Con from 0.0074992 to 0.0074992
Heightened Def Con from 0.00749999 to 0.0075
Heightened Def Con from 0.0075 to 0.0075
Heightened Def Con from 0.0075 to 0.0075
Heightened Def Con from 0.00750009 to 0.00750009
Heightened Def Con from 0.00750009 to 0.0075001
Heightened Def Con from 0.00750011 to 0.00750011
Heightened Def Con from 0.00750019 to 0.00750019
Heightened Def Con from 0.00750019 to 0.00750019
Heightened Def Con from 0.00750019 to 0.00750019
Heightened Def Con from 0.00750019 to 0.00750019
Heightened Def Con from 0.00750019 to 0.00750019
Heightened Def Con from 0.00750019 to 0.00750019
Heightened Def Con from 0.00750019 to 0.00750019
Heightened Def Con from 0.00750019 to 0.00750019
Heightened Def Con from 0.00750019 to 0.00750019
Heightened Def Con from 0.00750019 to 0.00750019
Heightened Def Con from 0.00750019 +to 0.00750019
Heightened Def Con from 0.00750019 to 0.00750019
Heightened Def Con from 0.00750019 to 0.0075002
Heightened Def Con from 0.007599 to 0.007599
Heightened Def Con from 0.007599 to 0.007599
Heightened Def Con from 0.00759901 to 0.00759901
Heightened Def Con from 0.00759901 to 0.00759901
Heightened Def Con from 0.00759901 to 0.00759901
Heightened Def Con from 0.0075991 to 0.0075991
Heightened Def Con from 0.0075991 to 0.0075991
Heightened Def Con from 0.0075992 to 0.0075992
Heightened Def Con from 0.00759999 to 0.00759999
Heightened Def Con from 0.00759999 to 0.00759999
Heightened Def Con from 0.0076 to 0.0076
Heightened Def Con from 0.0076 to 0.0076
Heightened Def Con from 0.00760009 to 0.00760009
Heightened Def Con from 0.00760009 to 0.0076001
Heightened Def Con from 0.0076001 to 0.00760011
Heightened Def Con from 0.00760019 to 0.00760019
Heightened Def Con from 0.00760019 to 0.00760019
Heightened Def Con from 0.00760019 to 0.00760019
Heightened Def Con from 0.00760019 to 0.00760019
Heightened Def Con from 0.00760019 to 0.00760019
Heightened Def Con from 0.00760019 to 0.00760019
Heightened Def Con from 0.00760019 to 0.00760019
Heightened Def Con from 0.00760019 to 0.00760019
Heightened Def Con from 0.00760019 to 0.00760019
Heightened Def Con from 0.00760019 to 0.00760019
Heightened Def Con from 0.00760019 +to 0.00760019
Heightened Def Con from 0.00760019 to 0.00760019
Heightened Def Con from 0.00760019 to 0.00760019
Heightened Def Con from 0.00760019 to 0.0076002
Heightened Def Con from 0.007699 to 0.007699
Heightened Def Con from 0.00769901 to 0.00769901
Heightened Def Con from 0.00769901 to 0.00769901
Heightened Def Con from 0.0076991 to 0.0076991
Heightened Def Con from 0.0076992 to 0.0076992
Heightened Def Con from 0.0076992 to 0.0076992
Heightened Def Con from 0.00769999 to 0.00769999
Heightened Def Con from 0.0077 to 0.0077
Heightened Def Con from 0.0077 to 0.00770001
Heightened Def Con from 0.00770009 to 0.00770009
Heightened Def Con from 0.00770009 to 0.00770009
Heightened Def Con from 0.00770009 to 0.0077001
Heightened Def Con from 0.0077001 to 0.00770011
Heightened Def Con from 0.00770019 to 0.00770019
Heightened Def Con from 0.00770019 to 0.00770019
Heightened Def Con from 0.00770019 to 0.00770019
Heightened Def Con from 0.00770019 to 0.00770019
Heightened Def Con from 0.00770019 to 0.00770019
Heightened Def Con from 0.00770019 to 0.00770019
Heightened Def Con from 0.00770019 to 0.00770019
Heightened Def Con from 0.00770019 to 0.00770019
Heightened Def Con from 0.00770019 to 0.00770019
Heightened Def Con from 0.00770019 to 0.00770019
Heightened Def Con from 0.00770019 to 0.00770019
Heightened Def Con from 0.00770019 to 0.00770019
Heightened Def Con from 0.00770019 to 0.00770019
Heightened Def Con from 0.00770019 to 0.00770019
Heightened Def Con from 0.00770019 to 0.00770019
Heightened Def Con from 0.00770019 to 0.0077002
Heightened Def Con from 0.007799 to 0.007799
Heightened Def Con from 0.00779901 to 0.00779901
Heightened Def Con from 0.00779901 to 0.00779901
Heightened Def Con from 0.0077991 to 0.0077991
Heightened Def Con from 0.0077992 to 0.0077992
Heightened Def Con from 0.0077992 to 0.0077992
Heightened Def Con from 0.0078 to 0.0078
Heightened Def Con from 0.0078 to 0.00780001
Heightened Def Con from 0.00780009 to 0.00780009
Heightened Def Con from 0.00780009 to 0.0078001
Heightened Def Con from 0.0078001 to 0.00780011
Heightened Def Con from 0.00780018 to 0.00780018
Heightened Def Con from 0.00780018 to 0.00780018
Heightened Def Con from 0.00780018 to 0.00780018
Heightened Def Con from 0.00780018 to 0.00780019
Heightened Def Con from 0.007899 to 0.007899
Heightened Def Con from 0.00789901 to 0.00789901
Heightened Def Con from 0.00789901 to 0.00789902
Heightened Def Con from 0.0078991 to 0.0078991
Heightened Def Con from 0.0078991 to 0.0078991
Heightened Def Con from 0.0078992 to 0.0078992
Heightened Def Con from 0.00789999 to 0.00789999
Heightened Def Con from 0.0079 to 0.0079
Heightened Def Con from 0.0079 to 0.00790001
Heightened Def Con from 0.00790009 to 0.00790009
Heightened Def Con from 0.00790009 to 0.00790009
Heightened Def Con from 0.00790009 to 0.0079001
Heightened Def Con from 0.0079001 to 0.00790011
Heightened Def Con from 0.00790019 to 0.00790019
Heightened Def Con from 0.00790019 to 0.00790019
Heightened Def Con from 0.00790019 to 0.00790019
Heightened Def Con from 0.00790019 to 0.00790019
Heightened Def Con from 0.00790019 to 0.00790019
Heightened Def Con from 0.00790019 to 0.00790019
Heightened Def Con from 0.00790019 to 0.00790019
Heightened Def Con from 0.00790019 +to 0.00790019
Heightened Def Con from 0.00790019 to 0.00790019
Heightened Def Con from 0.00790019 to 0.00790019
Heightened Def Con from 0.00790019 to 0.0079002
Heightened Def Con from 0.007999 to 0.007999
Heightened Def Con from 0.00799901 to 0.00799901
Heightened Def Con from 0.00799901 to 0.00799901
Heightened Def Con from 0.0079991 to 0.0079991
Heightened Def Con from 0.0079991 to 0.0079991
Heightened Def Con from 0.0079992 to 0.0079992
Heightened Def Con from 0.008 to 0.008
Heightened Def Con from 0.008 to 0.008
Heightened Def Con from 0.00800009 to 0.00800009
Heightened Def Con from 0.00800009 to 0.00800009
Heightened Def Con from 0.00800009 to 0.00800009
Heightened Def Con from 0.00800009 to 0.00800009
Heightened Def Con from 0.00800009 to 0.0080001
Heightened Def Con from 0.0080001 to 0.0080001
Heightened Def Con from 0.00800019 to 0.00800019
Heightened Def Con from 0.00800019 to 0.00800019
Heightened Def Con from 0.00800019 to 0.00800019
Heightened Def Con from 0.00800019 to 0.0080002
Heightened Def Con from 0.008099 to 0.008099
Heightened Def Con from 0.00809901 to 0.00809901
Heightened Def Con from 0.00809901 to 0.00809901
Heightened Def Con from 0.00809901 to 0.00809901
Heightened Def Con from 0.0080991 to 0.0080991
Heightened Def Con from 0.0080991 to 0.0080991
Heightened Def Con from 0.0080992 to 0.0080992
Heightened Def Con from 0.0081 to 0.0081
Heightened Def Con from 0.0081 to 0.0081
Heightened Def Con from 0.00810009 to 0.00810009
Heightened Def Con from 0.00810009 to 0.00810009
Heightened Def Con from 0.00810009 to 0.0081001
Heightened Def Con from 0.0081001 to 0.00810011
Heightened Def Con from 0.00810019 to 0.00810019
Heightened Def Con from 0.00810019 to 0.00810019
Heightened Def Con from 0.00810019 to 0.00810019
Heightened Def Con from 0.00810019 to 0.00810019
Heightened Def Con from 0.00810019 to 0.00810019
Heightened Def Con from 0.00810019 to 0.00810019
Heightened Def Con from 0.00810019 to 0.00810019
Heightened Def Con from 0.00810019 to 0.00810019
Heightened Def Con from 0.00810019 to 0.0081002
Heightened Def Con from 0.008199 to 0.008199
Heightened Def Con from 0.00819901 to 0.00819901
Heightened Def Con from 0.00819901 to 0.00819902
Heightened Def Con from 0.0081992 to 0.0081992
Heightened Def Con from 0.0082 to 0.0082
Heightened Def Con from 0.0082 to 0.0082
Heightened Def Con from 0.00820009 to 0.00820009
Heightened Def Con from 0.00820009 to 0.0082001
Heightened Def Con from 0.00820011 to 0.00820011
Heightened Def Con from 0.00820019 to 0.00820019
Heightened Def Con from 0.00820019 to 0.00820019
Heightened Def Con from 0.00820019 to 0.00820019
Heightened Def Con from 0.008299 to 0.008299
Heightened Def Con from 0.00829901 to 0.00829901
Heightened Def Con from 0.00829901 to 0.00829901
Heightened Def Con from 0.0082991 to 0.0082991
Heightened Def Con from 0.0082992 to 0.0082992
Heightened Def Con from 0.00829999 to 0.00829999
Heightened Def Con from 0.0083 to 0.0083
Heightened Def Con from 0.0083 to 0.00830001
Heightened Def Con from 0.00830009 to 0.00830009
Heightened Def Con from 0.00830009 to 0.0083001
Heightened Def Con from 0.00830019 to 0.00830019
Heightened Def Con from 0.00830019 to 0.00830019
Heightened Def Con from 0.00830019 to 0.00830019
Heightened Def Con from 0.00830019 to 0.00830019
Heightened Def Con from 0.00830019 to 0.00830019
Heightened Def Con from 0.00830019 to 0.00830019
Heightened Def Con from 0.008399 to 0.008399
Heightened Def Con from 0.00839901 to 0.00839901
Heightened Def Con from 0.0083991 to 0.0083991
Heightened Def Con from 0.0083992 to 0.0083992
Heightened Def Con from 0.0084 to 0.0084
Heightened Def Con from 0.0084 to 0.0084
Heightened Def Con from 0.00840008 to 0.00840009
Heightened Def Con from 0.00840009 to 0.0084001
Heightened Def Con from 0.00840011 to 0.00840011
Heightened Def Con from 0.00840018 to 0.00840018
Heightened Def Con from 0.00840018 to 0.00840018
Heightened Def Con from 0.00840018 to 0.00840019
Heightened Def Con from 0.008499 to 0.008499
Heightened Def Con from 0.008499 to 0.008499
Heightened Def Con from 0.00849901 to 0.00849901
Heightened Def Con from 0.00849901 to 0.00849901
Heightened Def Con from 0.0084991 to 0.0084991
Heightened Def Con from 0.0084992 to 0.0084992
Heightened Def Con from 0.00849999 to 0.00849999
Heightened Def Con from 0.0085 to 0.0085
Heightened Def Con from 0.0085 to 0.0085
Heightened Def Con from 0.0085 to 0.00850001
Heightened Def Con from 0.00850009 to 0.00850009
Heightened Def Con from 0.00850009 to 0.0085001
Heightened Def Con from 0.00850018 to 0.00850019
Heightened Def Con from 0.00850019 to 0.00850019
Heightened Def Con from 0.00850019 to 0.00850019
Heightened Def Con from 0.00850019 to 0.00850019
Heightened Def Con from 0.00850019 to 0.0085002
Heightened Def Con from 0.008599 to 0.008599
Heightened Def Con from 0.00859901 to 0.00859901
Heightened Def Con from 0.00859901 to 0.00859902
Heightened Def Con from 0.0085991 to 0.0085991
Heightened Def Con from 0.0085991 to 0.0085991
Heightened Def Con from 0.0085992 to 0.0085992
Heightened Def Con from 0.0086 to 0.0086
Heightened Def Con from 0.0086 to 0.00860001
Heightened Def Con from 0.00860009 to 0.00860009
Heightened Def Con from 0.00860009 to 0.00860009
Heightened Def Con from 0.00860009 to 0.0086001
Heightened Def Con from 0.00860011 to 0.00860011
Heightened Def Con from 0.00860019 to 0.00860019
Heightened Def Con from 0.008699 to 0.008699
Heightened Def Con from 0.00869901 to 0.00869901
Heightened Def Con from 0.00869901 to 0.00869901
Heightened Def Con from 0.00869901 to 0.00869901
Heightened Def Con from 0.00869901 to 0.00869901
Heightened Def Con from 0.0086991 to 0.0086991
Heightened Def Con from 0.0086992 to 0.0086992
Heightened Def Con from 0.0087 to 0.0087
Heightened Def Con from 0.00870009 to 0.00870009
Heightened Def Con from 0.00870009 to 0.0087001
Heightened Def Con from 0.0087001 to 0.0087001
Heightened Def Con from 0.0087001 to 0.00870011
Heightened Def Con from 0.00870019 to 0.00870019
Heightened Def Con from 0.00870019 to 0.00870019
Heightened Def Con from 0.00870019 to 0.00870019
Heightened Def Con from 0.00870019 to 0.00870019
Heightened Def Con from 0.00870019 to 0.00870019
Heightened Def Con from 0.00870019 to 0.00870019
Heightened Def Con from 0.00870019 to 0.00870019
Heightened Def Con from 0.00870019 to 0.00870019
Heightened Def Con from 0.00870019 to 0.00870019
Heightened Def Con from 0.00870019 to 0.00870019
Heightened Def Con from 0.00870019 to 0.00870019
Heightened Def Con from 0.00870019 to 0.00870019
Heightened Def Con from 0.00870019 to 0.0087002
Heightened Def Con from 0.008799 to 0.008799
Heightened Def Con from 0.00879901 to 0.00879901
Heightened Def Con from 0.00879901 to 0.00879901
Heightened Def Con from 0.0087991 to 0.0087991
Heightened Def Con from 0.0087991 to 0.0087991
Heightened Def Con from 0.0087992 to 0.0087992
Heightened Def Con from 0.0088 to 0.0088
Heightened Def Con from 0.00880009 to 0.00880009
Heightened Def Con from 0.00880009 to 0.0088001
Heightened Def Con from 0.0088001 to 0.0088001
Heightened Def Con from 0.0088001 to 0.00880011
Heightened Def Con from 0.00880019 to 0.00880019
Heightened Def Con from 0.00880019 to 0.00880019
Heightened Def Con from 0.00880019 to 0.00880019
Heightened Def Con from 0.008899 to 0.008899
Heightened Def Con from 0.00889901 to 0.00889901
Heightened Def Con from 0.00889901 to 0.00889901
Heightened Def Con from 0.00889901 to 0.00889901
Heightened Def Con from 0.0088991 to 0.0088991
Heightened Def Con from 0.0088991 to 0.0088991
Heightened Def Con from 0.0088992 to 0.0088992
Heightened Def Con from 0.0088992 to 0.0088992
Heightened Def Con from 0.0089 to 0.0089
Heightened Def Con from 0.0089 to 0.00890001
Heightened Def Con from 0.00890009 to 0.00890009
Heightened Def Con from 0.00890009 to 0.0089001
Heightened Def Con from 0.0089001 to 0.00890011
Heightened Def Con from 0.00890018 to 0.00890018
Heightened Def Con from 0.00890018 to 0.00890018
Heightened Def Con from 0.00890018 to 0.00890018
Heightened Def Con from 0.00890018 to 0.00890018
Heightened Def Con from 0.00890018 to 0.00890018
Heightened Def Con from 0.00890018 to 0.00890019
Heightened Def Con from 0.00890019 to 0.0089002
Heightened Def Con from 0.008999 to 0.008999
Heightened Def Con from 0.00899901 to 0.00899901
Heightened Def Con from 0.00899901 to 0.00899902
Heightened Def Con from 0.0089992 to 0.0089992
Heightened Def Con from 0.009 to 0.009
Heightened Def Con from 0.009 to 0.009
Heightened Def Con from 0.009 to 0.00900001
Heightened Def Con from 0.00900009 to 0.00900009
Heightened Def Con from 0.00900009 to 0.0090001
Heightened Def Con from 0.00900011 to 0.00900011
Heightened Def Con from 0.00900019 to 0.00900019
Heightened Def Con from 0.00900019 to 0.00900019
Heightened Def Con from 0.00900019 to 0.00900019
Heightened Def Con from 0.00900019 to 0.00900019
Heightened Def Con from 0.00900019 to 0.00900019
Heightened Def Con from 0.00900019 to 0.00900019
Heightened Def Con from 0.00900019 to 0.00900019
Heightened Def Con from 0.00900019 to 0.00900019
Heightened Def Con from 0.00900019 to 0.00900019
Heightened Def Con from 0.00900019 to 0.00900019
Heightened Def Con from 0.00900019 to 0.00900019
Heightened Def Con from 0.00900019 to 0.0090002
Heightened Def Con from 0.009099 to 0.009099
Heightened Def Con from 0.00909901 to 0.00909901
Heightened Def Con from 0.0090991 to 0.0090991
Heightened Def Con from 0.0090992 to 0.0090992
Heightened Def Con from 0.00909999 to 0.00909999
Heightened Def Con from 0.0091 to 0.0091
Heightened Def Con from 0.0091 to 0.0091
Heightened Def Con from 0.0091 to 0.00910001
Heightened Def Con from 0.00910009 to 0.00910009
Heightened Def Con from 0.00910009 to 0.00910009
Heightened Def Con from 0.00910009 to 0.00910009
Heightened Def Con from 0.00910009 to 0.0091001
Heightened Def Con from 0.0091001 to 0.00910011
Heightened Def Con from 0.00910019 to 0.00910019
Heightened Def Con from 0.00910019 to 0.0091002
Heightened Def Con from 0.009199 to 0.009199
Heightened Def Con from 0.00919901 to 0.00919901
Heightened Def Con from 0.00919911 to 0.00919911
Heightened Def Con from 0.0091992 to 0.0091992
Heightened Def Con from 0.0092 to 0.0092
Heightened Def Con from 0.0092 to 0.0092
Heightened Def Con from 0.00920009 to 0.00920009
Heightened Def Con from 0.00920009 to 0.00920009
Heightened Def Con from 0.00920009 to 0.0092001
Heightened Def Con from 0.0092001 to 0.00920011
Heightened Def Con from 0.00920018 to 0.00920018
Heightened Def Con from 0.00920018 to 0.00920019
Heightened Def Con from 0.009299 to 0.009299
Heightened Def Con from 0.00929901 to 0.00929901
Heightened Def Con from 0.0092991 to 0.0092991
Heightened Def Con from 0.0092992 to 0.0092992
Heightened Def Con from 0.0093 to 0.0093
Heightened Def Con from 0.0093 to 0.0093
Heightened Def Con from 0.00930009 to 0.00930009
Heightened Def Con from 0.00930009 to 0.0093001
Heightened Def Con from 0.00930011 to 0.00930011
Heightened Def Con from 0.00930018 to 0.00930018
Heightened Def Con from 0.00930019 to 0.00930019
Heightened Def Con from 0.00930019 to 0.00930019
Heightened Def Con from 0.00930019 to 0.00930019
Heightened Def Con from 0.00930019 to 0.00930019
Heightened Def Con from 0.00930019 to 0.00930019
Heightened Def Con from 0.00930019 to 0.00930019
Heightened Def Con from 0.00930019 to 0.00930019
Heightened Def Con from 0.00930019 to 0.00930019
Heightened Def Con from 0.00930019 to 0.00930019
Heightened Def Con from 0.00930019 to 0.00930019
Heightened Def Con from 0.009399 to 0.009399
Heightened Def Con from 0.00939901 to 0.00939901
Heightened Def Con from 0.00939901 to 0.00939901
Heightened Def Con from 0.0093991 to 0.0093991
Heightened Def Con from 0.0093992 to 0.0093992
Heightened Def Con from 0.00939999 to 0.00939999
Heightened Def Con from 0.00939999 to 0.00939999
Heightened Def Con from 0.0094 to 0.0094
Heightened Def Con from 0.0094 to 0.00940001
Heightened Def Con from 0.00940009 to 0.00940009
Heightened Def Con from 0.00940009 to 0.00940009
Heightened Def Con from 0.00940009 to 0.00940009
Heightened Def Con from 0.00940009 to 0.00940009
Heightened Def Con from 0.00940009 to 0.0094001
Heightened Def Con from 0.00940011 to 0.00940011
Heightened Def Con from 0.00940019 to 0.00940019
Heightened Def Con from 0.00940019 to 0.00940019
Heightened Def Con from 0.00940019 to 0.00940019
Heightened Def Con from 0.00940019 to 0.0094002
Heightened Def Con from 0.009499 to 0.009499
Heightened Def Con from 0.00949901 to 0.00949901
Heightened Def Con from 0.00949901 to 0.00949902
Heightened Def Con from 0.0094991 to 0.0094991
Heightened Def Con from 0.0094991 to 0.0094991
Heightened Def Con from 0.0094992 to 0.0094992
Heightened Def Con from 0.0095 to 0.0095
Heightened Def Con from 0.0095 to 0.0095
Heightened Def Con from 0.00950009 to 0.00950009
Heightened Def Con from 0.00950009 to 0.0095001
Heightened Def Con from 0.0095001 to 0.0095001
Heightened Def Con from 0.0095001 to 0.00950011
Heightened Def Con from 0.00950019 to 0.00950019
Heightened Def Con from 0.00950019 to 0.00950019
Heightened Def Con from 0.00950019 to 0.00950019
Heightened Def Con from 0.00950019 to 0.00950019
Heightened Def Con from 0.00950019 to 0.0095002
Heightened Def Con from 0.009599 to 0.009599
Heightened Def Con from 0.00959901 to 0.00959901
Heightened Def Con from 0.00959901 to 0.00959901
Heightened Def Con from 0.0095991 to 0.0095991
Heightened Def Con from 0.0095991 to 0.0095991
Heightened Def Con from 0.0095992 to 0.0095992
Heightened Def Con from 0.00959999 to 0.00959999
Heightened Def Con from 0.0096 to 0.0096
Heightened Def Con from 0.0096 to 0.0096
Heightened Def Con from 0.00960009 to 0.00960009
Heightened Def Con from 0.00960009 to 0.00960009
Heightened Def Con from 0.00960009 to 0.0096001
Heightened Def Con from 0.00960019 to 0.00960019
Heightened Def Con from 0.00960019 to 0.00960019
Heightened Def Con from 0.00960019 to 0.00960019
Heightened Def Con from 0.00960019 to 0.00960019
Heightened Def Con from 0.00960019 to 0.00960019
Heightened Def Con from 0.00960019 to 0.00960019
Heightened Def Con from 0.00960019 to 0.0096002
Heightened Def Con from 0.009699 to 0.009699
Heightened Def Con from 0.00969901 to 0.00969901
Heightened Def Con from 0.00969901 to 0.00969901
Heightened Def Con from 0.0096991 to 0.0096991
Heightened Def Con from 0.0096991 to 0.0096991
Heightened Def Con from 0.0096992 to 0.0096992
Heightened Def Con from 0.00969999 to 0.00969999
Heightened Def Con from 0.0097 to 0.0097
Heightened Def Con from 0.0097 to 0.0097
Heightened Def Con from 0.00970009 to 0.00970009
Heightened Def Con from 0.00970009 to 0.0097001
Heightened Def Con from 0.00970011 to 0.00970011
Heightened Def Con from 0.00970019 to 0.00970019
Heightened Def Con from 0.00970019 to 0.00970019
Heightened Def Con from 0.00970019 to 0.0097002
Heightened Def Con from 0.009799 to 0.009799
Heightened Def Con from 0.00979901 to 0.00979901
Heightened Def Con from 0.00979901 to 0.00979901
Heightened Def Con from 0.0097991 to 0.0097991
Heightened Def Con from 0.0097991 to 0.0097991
Heightened Def Con from 0.0097991 to 0.0097991
Heightened Def Con from 0.0097992 to 0.0097992
Heightened Def Con from 0.00979999 to 0.00979999
Heightened Def Con from 0.0098 to 0.0098
Heightened Def Con from 0.0098 to 0.00980001
Heightened Def Con from 0.00980009 to 0.00980009
Heightened Def Con from 0.00980009 to 0.00980009
Heightened Def Con from 0.00980009 to 0.00980009
Heightened Def Con from 0.00980009 to 0.0098001
Heightened Def Con from 0.00980011 to 0.00980011
Heightened Def Con from 0.00980019 to 0.00980019
Heightened Def Con from 0.00980019 to 0.00980019
Heightened Def Con from 0.00980019 to 0.00980019
Heightened Def Con from 0.00980019 to 0.00980019
Heightened Def Con from 0.00980019 to 0.00980019
Heightened Def Con from 0.00980019 to 0.00980019
Heightened Def Con from 0.00980019 +to 0.00980019
Heightened Def Con from 0.00980019 to 0.00980019
Heightened Def Con from 0.00980019 to 0.00980019
Heightened Def Con from 0.00980019 to 0.00980019
Heightened Def Con from 0.00980019 to 0.00980019
Heightened Def Con from 0.00980019 to 0.00980019
Heightened Def Con from 0.00980019 to 0.0098002
Heightened Def Con from 0.009899 to 0.009899
Heightened Def Con from 0.00989901 to 0.00989901
Heightened Def Con from 0.0098991 to 0.0098991
Heightened Def Con from 0.0098991 to 0.0098991
Heightened Def Con from 0.0098991 to 0.0098991
Heightened Def Con from 0.0098992 to 0.0098992
Heightened Def Con from 0.0098992 to 0.0098992
Heightened Def Con from 0.0099 to 0.0099
Heightened Def Con from 0.0099 to 0.0099
Heightened Def Con from 0.00990009 to 0.00990009
Heightened Def Con from 0.00990009 to 0.00990009
Heightened Def Con from 0.0099001 to 0.0099001
Heightened Def Con from 0.00990011 to 0.00990011
Heightened Def Con from 0.00990019 to 0.00990019
Heightened Def Con from 0.00990019 to 0.00990019
Heightened Def Con from 0.00990019 to 0.00990019
Heightened Def Con from 0.00990019 to 0.0099002
Heightened Def Con from 0.009999 to 0.009999
Heightened Def Con from 0.00999901 to 0.00999901
Heightened Def Con from 0.0099991 to 0.0099991
Heightened Def Con from 0.0099991 to 0.0099991
Heightened Def Con from 0.0099992 to 0.0099992
Heightened Def Con from 0.01 to 0.01

Date: Sun Aug 30 11:29:08 2026
Total elapsed time: 20.375 seconds.

tnom = 27
temp = 27
method = modified trap
totiter = 880810
traniter = 880363
tranpoints = 165478
accept = 111189
rejected = 56201
matrix size = 126
fillins = 22
solver = Normal
Thread vector: 18.7/12.5[5] 7.7/5.2[5] 2.0/3.3[1] 0.4/1.7[1]  2592/500
Matrix Compiler1: 7.69 KB object code size  1.4/0.8/[0.5]
Matrix Compiler2: 9.30 KB object code size  0.8/1.4/[0.6]

